Archive member included because of file (symbol)

/usr/lib/libgcc.a(_umoddi3.o)
                              ../lib/console.o (__umoddi3)
/usr/lib/libgcc.a(_udivdi3.o)
                              ../lib/console.o (__udivdi3)

Allocating common symbols
Common symbol       size              file

mbi                 0x4               init.o
stack               0x4000            boot.o
unit_list_head      0x4               ../kern/memory.o

Memory Configuration

Name             Origin             Length             Attributes
*default*        0x0000000000000000 0xffffffffffffffff

Linker script and memory map

                0x0000000000100000                . = 0x100000

.text           0x0000000000100000     0x1837
 *(.text)
 .text          0x0000000000100000       0x3a boot.o
                0x0000000000100000                _start
                0x0000000000100000                start
 *fill*         0x000000000010003a 0x810610000000002 00
 .text          0x000000000010003c      0x1f5 init.o
                0x000000000010003c                arch_init
 *fill*         0x0000000000100231 0x810610000000003 00
 .text          0x0000000000100234      0x19e segment.o
                0x00000000001003bc                gdt_get_gate_descriptor
                0x0000000000100234                gdt_init
                0x00000000001003a6                gdt_get_segment_descriptor
                0x0000000000100324                gdt_dump
 *fill*         0x00000000001003d2 0x810610000000002 00
 .text          0x00000000001003d4      0x140 console.o
                0x000000000010047f                putchar
                0x000000000010050a                getchar
                0x00000000001003d4                cls
 .text          0x0000000000100514       0x17 thread.o
                0x0000000000100514                md_thread_create
 *fill*         0x000000000010052b 0x810610000000001 00
 .text          0x000000000010052c       0x1a memory.o
                0x000000000010052c                md_memory_head
                0x0000000000100536                md_memory_tail
 *fill*         0x0000000000100546 0x810610000000002 00
 .text          0x0000000000100548       0x42 switch.o
                0x0000000000100548                md_thread_switch
 *fill*         0x000000000010058a 0x810610000000002 00
 .text          0x000000000010058c       0x7c interrupt.o
                0x00000000001005a1                interrupt_init
 .text          0x0000000000100608      0x1e2 ../lib/string.o
                0x00000000001006d2                strcpy
                0x0000000000100679                memcpy
                0x00000000001007a3                strncmp
                0x00000000001006f8                strncpy
                0x0000000000100626                memset
                0x0000000000100769                strcmp
                0x0000000000100608                strlen
 *fill*         0x00000000001007ea 0x810610000000002 00
 .text          0x00000000001007ec      0x43e ../lib/console.o
                0x0000000000100abc                printf
                0x0000000000100a32                puts
                0x0000000000100a89                getns
                0x00000000001009be                putx
                0x0000000000100a5b                putns
                0x00000000001008a7                putu
                0x000000000010092f                putlu
                0x00000000001007ec                putd
 *fill*         0x0000000000100c2a 0x810610000000002 00
 .text          0x0000000000100c2c       0x8c ../kern/main.o
                0x0000000000100c9b                thread2
                0x0000000000100c2c                main
                0x0000000000100c7e                thread1
 .text          0x0000000000100cb8      0x60f ../kern/memory.o
                0x0000000000101248                malloc_dump
                0x0000000000100d71                malloc
                0x0000000000100ef1                calloc
                0x0000000000100cb8                memory_init
                0x0000000000100f34                free
 *fill*         0x00000000001012c7 0x810610000000001 00
 .text          0x00000000001012c8      0x2f6 ../kern/thread.o
                0x00000000001012c8                thread_init
                0x000000000010140f                thread_wakeup
                0x000000000010157f                thread_switch
                0x00000000001014a4                thread_sleep
                0x00000000001014cb                thread_yield
                0x000000000010130a                thread_self
                0x00000000001013d8                thread_destroy
                0x0000000000101314                thread_create
 *fill*         0x00000000001015be 0x810610000000002 00
 .text          0x00000000001015c0      0x18a /usr/lib/libgcc.a(_umoddi3.o)
                0x00000000001015c0                __umoddi3
 *fill*         0x000000000010174a 0x810610000000002 00
 .text          0x000000000010174c       0xeb /usr/lib/libgcc.a(_udivdi3.o)
                0x000000000010174c                __udivdi3

.rodata         0x0000000000101837       0x81
 *(.rodata)
 .rodata        0x0000000000101837       0x16 ../lib/string.o
 .rodata        0x000000000010184d       0x42 ../kern/memory.o
 .rodata        0x000000000010188f       0x29 ../kern/thread.o

.rodata.str1.1  0x00000000001018b8      0x1f9
 .rodata.str1.1
                0x00000000001018b8       0x90 init.o
 .rodata.str1.1
                0x0000000000101948        0xd segment.o
                                          0xf (size before relaxing)
 .rodata.str1.1
                0x0000000000101955       0x13 interrupt.o
 .rodata.str1.1
                0x0000000000101968       0x41 ../lib/string.o
 .rodata.str1.1
                0x00000000001019a9       0x1f ../lib/console.o
 .rodata.str1.1
                0x00000000001019c8       0x3c ../kern/main.o
 .rodata.str1.1
                0x0000000000101a04       0x73 ../kern/memory.o
                                         0x81 (size before relaxing)
 .rodata.str1.1
                0x0000000000101a77       0x3a ../kern/thread.o

.rodata.str1.4  0x0000000000101ab4      0x1b6
 .rodata.str1.4
                0x0000000000101ab4      0x160 init.o
 .rodata.str1.4
                0x0000000000101c14       0x1f ../kern/main.o
 *fill*         0x0000000000101c33 0xbfbfe49000000001 00
 .rodata.str1.4
                0x0000000000101c34       0x36 ../kern/memory.o

.data           0x0000000000101c6c        0x0
 *(.data)
                0x0000000000101c6c                _edata = .

.bss            0x0000000000101c80     0xc898
 *(.dynbss)
 *(.bss)
 .bss           0x0000000000101c80     0x8068 segment.o
 .bss           0x0000000000109ce8        0xc console.o
 *fill*         0x0000000000109cf4 0x81061000000000c 00
 .bss           0x0000000000109d00      0x800 interrupt.o
 .bss           0x000000000010a500        0xc ../kern/thread.o
 *(.COMMON)
 *fill*         0x000000000010a50c 0xbfbfe49000000004 00
 COMMON         0x000000000010a510     0x4000 boot.o
                                          0x0 (size before relaxing)
                0x000000000010a510                stack
 COMMON         0x000000000010e510        0x4 init.o
                                          0x0 (size before relaxing)
                0x000000000010e510                mbi
 COMMON         0x000000000010e514        0x4 ../kern/memory.o
                                          0x0 (size before relaxing)
                0x000000000010e514                unit_list_head

.rel.dyn
                0x000000000010e518                _end = .
LOAD boot.o
LOAD init.o
LOAD segment.o
LOAD console.o
LOAD thread.o
LOAD memory.o
LOAD switch.o
LOAD interrupt.o
LOAD ../lib/string.o
LOAD ../lib/console.o
LOAD ../kern/main.o
LOAD ../kern/memory.o
LOAD ../kern/thread.o
LOAD /usr/lib/libgcc.a
OUTPUT(shiitake elf32-i386-freebsd)

.debug_line     0x0000000000000000      0x74f
 .debug_line    0x0000000000000000       0x40 boot.o
 .debug_line    0x0000000000000040       0x7e init.o
 .debug_line    0x00000000000000be       0xbc segment.o
 .debug_line    0x000000000000017a       0x5c console.o
 .debug_line    0x00000000000001d6       0x7a thread.o
 .debug_line    0x0000000000000250       0x50 memory.o
 .debug_line    0x00000000000002a0       0x4b switch.o
 .debug_line    0x00000000000002eb       0x86 interrupt.o
 .debug_line    0x0000000000000371       0x6d ../lib/string.o
 .debug_line    0x00000000000003de       0xe6 ../lib/console.o
 .debug_line    0x00000000000004c4       0x49 ../kern/main.o
 .debug_line    0x000000000000050d      0x10e ../kern/memory.o
 .debug_line    0x000000000000061b      0x134 ../kern/thread.o

.debug_info     0x0000000000000000     0x2946
 .debug_info    0x0000000000000000       0x5c boot.o
 .debug_info    0x000000000000005c      0x373 init.o
 .debug_info    0x00000000000003cf      0x768 segment.o
 .debug_info    0x0000000000000b37      0x154 console.o
 .debug_info    0x0000000000000c8b      0x302 thread.o
 .debug_info    0x0000000000000f8d      0x1f0 memory.o
 .debug_info    0x000000000000117d       0x5e switch.o
 .debug_info    0x00000000000011db      0x414 interrupt.o
 .debug_info    0x00000000000015ef      0x2d3 ../lib/string.o
 .debug_info    0x00000000000018c2      0x2cb ../lib/console.o
 .debug_info    0x0000000000001b8d       0xd0 ../kern/main.o
 .debug_info    0x0000000000001c5d      0x570 ../kern/memory.o
 .debug_info    0x00000000000021cd      0x779 ../kern/thread.o

.debug_abbrev   0x0000000000000000      0xb91
 .debug_abbrev  0x0000000000000000       0x14 boot.o
 .debug_abbrev  0x0000000000000014       0xf0 init.o
 .debug_abbrev  0x0000000000000104      0x15c segment.o
 .debug_abbrev  0x0000000000000260       0xce console.o
 .debug_abbrev  0x000000000000032e       0xd7 thread.o
 .debug_abbrev  0x0000000000000405       0xbc memory.o
 .debug_abbrev  0x00000000000004c1       0x14 switch.o
 .debug_abbrev  0x00000000000004d5      0x147 interrupt.o
 .debug_abbrev  0x000000000000061c       0xc2 ../lib/string.o
 .debug_abbrev  0x00000000000006de       0xea ../lib/console.o
 .debug_abbrev  0x00000000000007c8       0x67 ../kern/main.o
 .debug_abbrev  0x000000000000082f      0x177 ../kern/memory.o
 .debug_abbrev  0x00000000000009a6      0x1eb ../kern/thread.o

.debug_aranges  0x0000000000000000      0x1a0
 .debug_aranges
                0x0000000000000000       0x20 boot.o
 .debug_aranges
                0x0000000000000020       0x20 init.o
 .debug_aranges
                0x0000000000000040       0x20 segment.o
 .debug_aranges
                0x0000000000000060       0x20 console.o
 .debug_aranges
                0x0000000000000080       0x20 thread.o
 .debug_aranges
                0x00000000000000a0       0x20 memory.o
 .debug_aranges
                0x00000000000000c0       0x20 switch.o
 .debug_aranges
                0x00000000000000e0       0x20 interrupt.o
 .debug_aranges
                0x0000000000000100       0x20 ../lib/string.o
 .debug_aranges
                0x0000000000000120       0x20 ../lib/console.o
 .debug_aranges
                0x0000000000000140       0x20 ../kern/main.o
 .debug_aranges
                0x0000000000000160       0x20 ../kern/memory.o
 .debug_aranges
                0x0000000000000180       0x20 ../kern/thread.o

.debug_frame    0x0000000000000000      0x6ec
 .debug_frame   0x0000000000000000       0x4c init.o
 .debug_frame   0x000000000000004c       0x88 segment.o
 .debug_frame   0x00000000000000d4       0x80 console.o
 .debug_frame   0x0000000000000154       0x2c thread.o
 .debug_frame   0x0000000000000180       0x44 memory.o
 .debug_frame   0x00000000000001c4       0x50 interrupt.o
 .debug_frame   0x0000000000000214       0xec ../lib/string.o
 .debug_frame   0x0000000000000300      0x124 ../lib/console.o
 .debug_frame   0x0000000000000424       0x80 ../kern/main.o
 .debug_frame   0x00000000000004a4      0x148 ../kern/memory.o
 .debug_frame   0x00000000000005ec      0x100 ../kern/thread.o

.debug_pubnames
                0x0000000000000000      0x341
 .debug_pubnames
                0x0000000000000000       0x28 init.o
 .debug_pubnames
                0x0000000000000028       0x67 segment.o
 .debug_pubnames
                0x000000000000008f       0x32 console.o
 .debug_pubnames
                0x00000000000000c1       0x27 thread.o
 .debug_pubnames
                0x00000000000000e8       0x40 memory.o
 .debug_pubnames
                0x0000000000000128       0x25 interrupt.o
 .debug_pubnames
                0x000000000000014d       0x61 ../lib/string.o
 .debug_pubnames
                0x00000000000001ae       0x5f ../lib/console.o
 .debug_pubnames
                0x000000000000020d       0x33 ../kern/main.o
 .debug_pubnames
                0x0000000000000240       0x64 ../kern/memory.o
 .debug_pubnames
                0x00000000000002a4       0x9d ../kern/thread.o

.debug_str      0x0000000000000000      0x7e2
 .debug_str     0x0000000000000000      0x21e init.o
                                        0x26c (size before relaxing)
 .debug_str     0x000000000000021e      0x22f segment.o
                                        0x336 (size before relaxing)
 .debug_str     0x000000000000044d       0x2f console.o
                                        0x102 (size before relaxing)
 .debug_str     0x000000000000047c       0x58 thread.o
                                        0x1a5 (size before relaxing)
 .debug_str     0x00000000000004d4       0x1e memory.o
                                        0x189 (size before relaxing)
 .debug_str     0x00000000000004f2       0x67 interrupt.o
                                        0x2a7 (size before relaxing)
 .debug_str     0x0000000000000559       0x55 ../lib/string.o
                                        0x11e (size before relaxing)
 .debug_str     0x00000000000005ae       0x58 ../lib/console.o
                                        0x12e (size before relaxing)
 .debug_str     0x0000000000000606       0x30 ../kern/main.o
                                         0xf9 (size before relaxing)
 .debug_str     0x0000000000000636       0xc2 ../kern/memory.o
                                        0x1b1 (size before relaxing)
 .debug_str     0x00000000000006f8       0xea ../kern/thread.o
                                        0x29f (size before relaxing)

.comment        0x0000000000000000      0x1e1
 .comment       0x0000000000000000       0x25 init.o
 .comment       0x0000000000000025       0x25 segment.o
 .comment       0x000000000000004a       0x25 console.o
 .comment       0x000000000000006f       0x25 thread.o
 .comment       0x0000000000000094       0x25 memory.o
 .comment       0x00000000000000b9       0x25 interrupt.o
 .comment       0x00000000000000de       0x25 ../lib/string.o
 .comment       0x0000000000000103       0x25 ../lib/console.o
 .comment       0x0000000000000128       0x25 ../kern/main.o
 .comment       0x000000000000014d       0x25 ../kern/memory.o
 .comment       0x0000000000000172       0x25 ../kern/thread.o
 .comment       0x0000000000000197       0x25 /usr/lib/libgcc.a(_umoddi3.o)
 .comment       0x00000000000001bc       0x25 /usr/lib/libgcc.a(_udivdi3.o)
