Archive member included because of file (symbol)

/usr/lib/libgcc.a(_umoddi3.o)
                              ../lib/console.o (__umoddi3)
/usr/lib/libgcc.a(_udivdi3.o)
                              ../lib/console.o (__udivdi3)

Allocating common symbols
Common symbol       size              file

stack               0x4000            boot.o

Memory Configuration

Name             Origin             Length             Attributes
*default*        0x0000000000000000 0xffffffffffffffff

Linker script and memory map

                0x0000000000100000                . = 0x100000

.text           0x0000000000100000     0x115b
 *(.text)
 .text          0x0000000000100000       0x3a boot.o
                0x0000000000100000                _start
                0x0000000000100000                start
 *fill*         0x000000000010003a 0x810610000000002 00
 .text          0x000000000010003c      0x1a3 init.o
                0x000000000010003c                arch_init
 *fill*         0x00000000001001df 0x810610000000001 00
 .text          0x00000000001001e0      0x2e0 segment.o
                0x00000000001002ee                gdt_set_segment
                0x0000000000100418                gdt_get_segment
                0x00000000001004aa                gdt_get_gate
                0x00000000001001e0                gdt_init
                0x000000000010042e                gdt_set_gate
                0x0000000000100398                gdt_set_tss
                0x000000000010026c                gdt_dump
 .text          0x00000000001004c0      0x140 console.o
                0x000000000010056b                putchar
                0x00000000001005f6                getchar
                0x00000000001004c0                cls
 .text          0x0000000000100600      0x2eb ../lib/list.o
                0x00000000001006cf                list_delete
                0x0000000000100669                list_insert_head
                0x00000000001007cf                list_tail
                0x000000000010079c                list_move_tail
                0x00000000001008b0                list_dump
                0x000000000010069c                list_insert_tail
                0x000000000010080b                list_head
                0x0000000000100769                list_move_head
                0x0000000000100634                list_insert_after
                0x000000000010073e                list_move_after
                0x0000000000100600                list_insert_before
                0x0000000000100713                list_move_before
                0x000000000010086f                list_count
                0x0000000000100844                list_node_t_copy
 *fill*         0x00000000001008eb 0x810610000000001 00
 .text          0x00000000001008ec      0x197 ../lib/string.o
                0x0000000000100984                strcpy
                0x0000000000100944                memcpy
                0x0000000000100a3c                strncmp
                0x00000000001009aa                strncpy
                0x000000000010090a                memset
                0x0000000000100a02                strcmp
                0x00000000001008ec                strlen
 *fill*         0x0000000000100a83 0x810610000000001 00
 .text          0x0000000000100a84      0x43e ../lib/console.o
                0x0000000000100d54                printf
                0x0000000000100cca                puts
                0x0000000000100d21                getns
                0x0000000000100c56                putx
                0x0000000000100cf3                putns
                0x0000000000100b3f                putu
                0x0000000000100bc7                putlu
                0x0000000000100a84                putd
 *fill*         0x0000000000100ec2 0x810610000000002 00
 .text          0x0000000000100ec4       0x1d ../kern/main.o
                0x0000000000100ec4                main
 *fill*         0x0000000000100ee1 0x810610000000003 00
 .text          0x0000000000100ee4      0x18a /usr/lib/libgcc.a(_umoddi3.o)
                0x0000000000100ee4                __umoddi3
 *fill*         0x000000000010106e 0x810610000000002 00
 .text          0x0000000000101070       0xeb /usr/lib/libgcc.a(_udivdi3.o)
                0x0000000000101070                __udivdi3

.rodata
 *(.rodata)

.rodata.str1.1  0x000000000010115b      0x122
 .rodata.str1.1
                0x000000000010115b       0x79 init.o
 .rodata.str1.1
                0x00000000001011d4        0xd segment.o
                                          0xf (size before relaxing)
 .rodata.str1.1
                0x00000000001011e1       0x45 ../lib/list.o
                                         0x4e (size before relaxing)
 .rodata.str1.1
                0x0000000000101226       0x25 ../lib/string.o
 .rodata.str1.1
                0x000000000010124b       0x1f ../lib/console.o
 .rodata.str1.1
                0x000000000010126a       0x13 ../kern/main.o

.rodata.str1.4  0x0000000000101280      0x160
 .rodata.str1.4
                0x0000000000101280      0x160 init.o

.data           0x00000000001013e0        0x0
 *(.data)
                0x00000000001013e0                _edata = .

.bss            0x00000000001013e0     0xc080
 *(.dynbss)
 *(.bss)
 .bss           0x00000000001013e0     0x8068 segment.o
 .bss           0x0000000000109448        0xc console.o
 *(.COMMON)
 *fill*         0x0000000000109454 0xbfbfe8c00000000c 00
 COMMON         0x0000000000109460     0x4000 boot.o
                                          0x0 (size before relaxing)
                0x0000000000109460                stack

.rel.dyn
                0x000000000010d460                _end = .
LOAD boot.o
LOAD init.o
LOAD segment.o
LOAD console.o
LOAD ../lib/list.o
LOAD ../lib/string.o
LOAD ../lib/console.o
LOAD ../kern/main.o
LOAD /usr/lib/libgcc.a
OUTPUT(shiitake elf32-i386-freebsd)

.debug_line     0x0000000000000000      0x3fc
 .debug_line    0x0000000000000000       0x40 boot.o
 .debug_line    0x0000000000000040       0x7c init.o
 .debug_line    0x00000000000000bc       0xbf segment.o
 .debug_line    0x000000000000017b       0x5c console.o
 .debug_line    0x00000000000001d7       0x92 ../lib/list.o
 .debug_line    0x0000000000000269       0x72 ../lib/string.o
 .debug_line    0x00000000000002db       0xe6 ../lib/console.o
 .debug_line    0x00000000000003c1       0x3b ../kern/main.o

.debug_info     0x0000000000000000     0x15a3
 .debug_info    0x0000000000000000       0x60 boot.o
 .debug_info    0x0000000000000060      0x36f init.o
 .debug_info    0x00000000000003cf      0x72f segment.o
 .debug_info    0x0000000000000afe      0x154 console.o
 .debug_info    0x0000000000000c52      0x36f ../lib/list.o
 .debug_info    0x0000000000000fc1      0x27f ../lib/string.o
 .debug_info    0x0000000000001240      0x2cb ../lib/console.o
 .debug_info    0x000000000000150b       0x98 ../kern/main.o

.debug_abbrev   0x0000000000000000      0x5ba
 .debug_abbrev  0x0000000000000000       0x14 boot.o
 .debug_abbrev  0x0000000000000014       0xdf init.o
 .debug_abbrev  0x00000000000000f3      0x15c segment.o
 .debug_abbrev  0x000000000000024f       0xce console.o
 .debug_abbrev  0x000000000000031d       0xc2 ../lib/list.o
 .debug_abbrev  0x00000000000003df       0xb0 ../lib/string.o
 .debug_abbrev  0x000000000000048f       0xea ../lib/console.o
 .debug_abbrev  0x0000000000000579       0x41 ../kern/main.o

.debug_aranges  0x0000000000000000      0x100
 .debug_aranges
                0x0000000000000000       0x20 boot.o
 .debug_aranges
                0x0000000000000020       0x20 init.o
 .debug_aranges
                0x0000000000000040       0x20 segment.o
 .debug_aranges
                0x0000000000000060       0x20 console.o
 .debug_aranges
                0x0000000000000080       0x20 ../lib/list.o
 .debug_aranges
                0x00000000000000a0       0x20 ../lib/string.o
 .debug_aranges
                0x00000000000000c0       0x20 ../lib/console.o
 .debug_aranges
                0x00000000000000e0       0x20 ../kern/main.o

.debug_frame    0x0000000000000000      0x5e0
 .debug_frame   0x0000000000000000       0x48 init.o
 .debug_frame   0x0000000000000048       0xf4 segment.o
 .debug_frame   0x000000000000013c       0x80 console.o
 .debug_frame   0x00000000000001bc      0x1e4 ../lib/list.o
 .debug_frame   0x00000000000003a0       0xec ../lib/string.o
 .debug_frame   0x000000000000048c      0x124 ../lib/console.o
 .debug_frame   0x00000000000005b0       0x30 ../kern/main.o

.debug_pubnames
                0x0000000000000000      0x2c9
 .debug_pubnames
                0x0000000000000000       0x20 init.o
 .debug_pubnames
                0x0000000000000020       0x86 segment.o
 .debug_pubnames
                0x00000000000000a6       0x32 console.o
 .debug_pubnames
                0x00000000000000d8      0x116 ../lib/list.o
 .debug_pubnames
                0x00000000000001ee       0x61 ../lib/string.o
 .debug_pubnames
                0x000000000000024f       0x5f ../lib/console.o
 .debug_pubnames
                0x00000000000002ae       0x1b ../kern/main.o

.debug_str      0x0000000000000000      0x62d
 .debug_str     0x0000000000000000      0x222 init.o
                                        0x270 (size before relaxing)
 .debug_str     0x0000000000000222      0x226 segment.o
                                        0x301 (size before relaxing)
 .debug_str     0x0000000000000448       0x2f console.o
                                        0x106 (size before relaxing)
 .debug_str     0x0000000000000477      0x100 ../lib/list.o
                                        0x1d3 (size before relaxing)
 .debug_str     0x0000000000000577       0x4a ../lib/string.o
                                        0x118 (size before relaxing)
 .debug_str     0x00000000000005c1       0x58 ../lib/console.o
                                        0x12e (size before relaxing)
 .debug_str     0x0000000000000619       0x14 ../kern/main.o
                                         0xdd (size before relaxing)

.comment        0x0000000000000000      0x14d
 .comment       0x0000000000000000       0x25 init.o
 .comment       0x0000000000000025       0x25 segment.o
 .comment       0x000000000000004a       0x25 console.o
 .comment       0x000000000000006f       0x25 ../lib/list.o
 .comment       0x0000000000000094       0x25 ../lib/string.o
 .comment       0x00000000000000b9       0x25 ../lib/console.o
 .comment       0x00000000000000de       0x25 ../kern/main.o
 .comment       0x0000000000000103       0x25 /usr/lib/libgcc.a(_umoddi3.o)
 .comment       0x0000000000000128       0x25 /usr/lib/libgcc.a(_udivdi3.o)
