Archive member included because of file (symbol)

/usr/local/lib/gcc/mipsel-elf/4.2.4/libgcc.a(_udivdi3.o)
                              ../lib/console.o (__udivdi3)
/usr/local/lib/gcc/mipsel-elf/4.2.4/libgcc.a(_umoddi3.o)
                              ../lib/console.o (__umoddi3)
/usr/local/lib/gcc/mipsel-elf/4.2.4/libgcc.a(_clz.o)
                              /usr/local/lib/gcc/mipsel-elf/4.2.4/libgcc.a(_udivdi3.o) (__clz_tab)

Allocating common symbols
Common symbol       size              file

unit_list_head      0x4               ../kern/memory.o

Discarded input sections

 .reginfo       0x0000000000000000        0x0 tlb_refill_vector.o
 .reginfo       0x0000000000000000        0x0 xtlb_refill_vector.o
 .reginfo       0x0000000000000000        0x0 general_vector.o
 .reginfo       0x0000000000000000        0x0 interrupt_vector.o
 .reginfo       0x0000000000000000        0x0 boot.o
 .reginfo       0x0000000000000000        0x0 cache_error_vector.o
 .reginfo       0x0000000000000000        0x0 reset_vector.o
 .reginfo       0x0000000000000000        0x0 init.o
 .reginfo       0x0000000000000000        0x0 console.o
 .reginfo       0x0000000000000000        0x0 thread.o
 .reginfo       0x0000000000000000        0x0 memory.o
 .reginfo       0x0000000000000000        0x0 switch.o
 .reginfo       0x0000000000000000        0x0 interrupt.o
 .reginfo       0x0000000000000000        0x0 trap.o
 .reginfo       0x0000000000000000        0x0 syscall.o
 .reginfo       0x0000000000000000        0x0 disk.o
 .reginfo       0x0000000000000000        0x0 exception.o
 .reginfo       0x0000000000000000        0x0 ../lib/string.o
 .reginfo       0x0000000000000000        0x0 ../lib/console.o
 .reginfo       0x0000000000000000        0x0 ../kern/main.o
 .reginfo       0x0000000000000000        0x0 ../kern/memory.o
 .reginfo       0x0000000000000000        0x0 ../kern/thread.o
 .reginfo       0x0000000000000000        0x0 ../kern/file_descriptor.o
 .reginfo       0x0000000000000000        0x0 ../kern/mbr.o
 .reginfo       0x0000000000000000        0x0 ../kern/fat32/bpb.o
 .reginfo       0x0000000000000000        0x0 ../kern/fat32/cluster.o
 .reginfo       0x0000000000000000        0x0 ../kern/fat32/cluster_data.o
 .reginfo       0x0000000000000000        0x0 ../kern/fat32/dir_entry.o
 .reginfo       0x0000000000000000        0x0 ../kern/fat32/fat32fs.o
 .reginfo       0x0000000000000000        0x0 ../kern/fat32/fat_cluster_list.o
 .reginfo       0x0000000000000000        0x0 ../kern/fat32/fat_dir.o
 .reginfo       0x0000000000000000        0x0 ../kern/fat32/fat_file.o
 .reginfo       0x0000000000000000        0x0 ../kern/fat32/fat_instance.o
 .reginfo       0x0000000000000000        0x0 ../kern/fat32/fat_path.o
 .reginfo       0x0000000000000000        0x0 /usr/local/lib/gcc/mipsel-elf/4.2.4/libgcc.a(_udivdi3.o)
 .reginfo       0x0000000000000000        0x0 /usr/local/lib/gcc/mipsel-elf/4.2.4/libgcc.a(_umoddi3.o)
 .reginfo       0x0000000000000000        0x0 /usr/local/lib/gcc/mipsel-elf/4.2.4/libgcc.a(_clz.o)

Memory Configuration

Name             Origin             Length             Attributes
*default*        0x0000000000000000 0xffffffffffffffff

Linker script and memory map


.tlb_refill_vector
                0x0000000080000000        0xc
 tlb_refill_vector.o(.text)
 .text          0x0000000080000000        0xc tlb_refill_vector.o

.xtlb_refill_vector
                0x0000000080000080        0xc
 xtlb_refill_vector.o(.text)
 .text          0x0000000080000080        0xc xtlb_refill_vector.o

.general_vector
                0x0000000080000180        0xc
 general_vector.o(.text)
 .text          0x0000000080000180        0xc general_vector.o

.interrupt_vector
                0x0000000080000200        0xc
 interrupt_vector.o(.text)
 .text          0x0000000080000200        0xc interrupt_vector.o

.text           0x0000000080030000     0x8e18
                0x0000000080030000                _ftext = <code 342> (.)
 boot.o(.text)
 .text          0x0000000080030000       0x60 boot.o
                0x0000000080030000                _start
 *(.text)
 .text          0x0000000080030060        0xc cache_error_vector.o
 .text          0x000000008003006c        0xc reset_vector.o
 .text          0x0000000080030078       0x38 init.o
                0x0000000080030078                arch_init
 .text          0x00000000800300b0       0x74 console.o
                0x00000000800300b0                putchar
                0x00000000800300e4                getchar
 .text          0x0000000080030124       0x7c thread.o
                0x0000000080030124                md_thread_create
 .text          0x00000000800301a0       0x48 memory.o
                0x00000000800301a0                md_memory_head
                0x00000000800301c4                md_memory_tail
 .text          0x00000000800301e8      0x278 switch.o
                0x0000000080030384                md_thread_trampoline
                0x00000000800301e8                md_thread_switch
 .text          0x0000000080030460       0x88 interrupt.o
                0x0000000080030460                interrupt_init
                0x00000000800304a0                interrupt_handle
 .text          0x00000000800304e8      0x4fc trap.o
                0x0000000080030924                trap_reset
                0x00000000800304e8                trap
                0x0000000080030984                trap_cache_error
 .text          0x00000000800309e4       0xbc syscall.o
                0x00000000800309e4                syscall_handle
 .text          0x0000000080030aa0      0x308 disk.o
                0x0000000080030c20                disk_write
                0x0000000080030aa0                disk_read
 .text          0x0000000080030da8      0x360 exception.o
                0x0000000080030da8                general_exception
                0x000000008003102c                cache_error_exception
                0x0000000080030f50                reset_exception
 .text          0x0000000080031108      0x474 ../lib/string.o
                0x0000000080031260                strcpy
                0x00000000800311e4                memcpy
                0x0000000080031494                strncmp
                0x00000000800312e8                strncpy
                0x000000008003116c                memset
                0x00000000800313c4                strcmp
                0x0000000080031108                strlen
 .text          0x000000008003157c      0xaf0 ../lib/console.o
                0x0000000080031c7c                printf
                0x0000000080031ad8                puts
                0x0000000080031bc8                getns
                0x00000000800319b4                putx
                0x0000000080031b48                putns
                0x0000000080031714                putu
                0x0000000080031858                putlu
                0x000000008003157c                putd
 .text          0x000000008003206c      0x284 ../kern/main.o
                0x000000008003206c                main
                0x0000000080032204                thread3
                0x000000008003218c                thread1
 .text          0x00000000800322f0      0x638 ../kern/memory.o
                0x00000000800328cc                malloc_dump
                0x00000000800323b8                malloc
                0x0000000080032620                calloc
                0x00000000800322f0                memory_init
                0x00000000800326c8                free
 .text          0x0000000080032928      0x674 ../kern/thread.o
                0x0000000080032928                thread_init
                0x0000000080032d80                thread_wakeup
                0x0000000080032eb0                thread_switch
                0x0000000080032f48                thread_finalize
                0x0000000080032dc0                thread_sleep
                0x0000000080032e00                thread_yield
                0x00000000800329e4                thread_self
                0x0000000080032ce4                thread_destroy
                0x0000000080032a08                thread_create
 .text          0x0000000080032f9c      0x430 ../kern/file_descriptor.o
                0x0000000080033258                file_descriptor_new
                0x0000000080033370                file_descriptor_open
                0x00000000800333a0                file_descriptor_close
                0x0000000080032f9c                file_descriptor_init
                0x00000000800332f0                file_descriptor_get
 .text          0x00000000800333cc      0x2a4 ../kern/mbr.o
                0x0000000080033540                partition_record_dump
                0x000000008003362c                mbr_partition_offset
                0x00000000800333cc                mbr_read
                0x0000000080033470                mbr_dump
 .text          0x0000000080033670      0x9cc ../kern/fat32/bpb.o
                0x0000000080033a00                bpb_cluster_size
                0x0000000080033a58                bpb_dump
                0x0000000080033774                bpb_read
                0x0000000080033fe4                bpb_sector_to_byte
                0x0000000080033f9c                bpb_cluster_to_sector
                0x0000000080033864                bpb_count_of_clusters
                0x00000000800336f4                bpb_validate
                0x0000000080033670                bpb_validate_cluster_no
 .text          0x000000008003403c      0x29c ../kern/fat32/cluster.o
                0x000000008003403c                cluster_offset
                0x00000000800341b8                cluster_dump
                0x00000000800340bc                cluster_read
 .text          0x00000000800342d8      0x308 ../kern/fat32/cluster_data.o
                0x0000000080034454                cluster_data_read
                0x00000000800342d8                cluster_data_offset
 .text          0x00000000800345e0      0x8ac ../kern/fat32/dir_entry.o
                0x00000000800348d8                dir_attributes_dump
                0x00000000800345e0                dir_entry_dump
                0x0000000080034b08                date_dump
                0x0000000080034c88                dir_entry_get_cluster
                0x0000000080034a38                time_dump
                0x0000000080034cf4                dir_entry_combine_short_name
                0x0000000080034bd8                dir_entry_short_name_check_code
 .text          0x0000000080034e8c      0xad4 ../kern/fat32/fat32fs.o
                0x0000000080035458                seekdir
                0x000000008003524c                readdir
                0x00000000800357f0                lseek
                0x0000000080034f24                getattr
                0x000000008003573c                read
                0x0000000080035074                opendir
                0x0000000080034e8c                file_system_init
                0x000000008003566c                open
                0x00000000800355ac                closedir
                0x00000000800358a0                close
                0x000000008003550c                telldir
 .text          0x0000000080035960      0xa08 ../kern/fat32/fat_cluster_list.o
                0x00000000800361a0                fat_cluster_list_close
                0x0000000080035fb0                fat_cluster_list_next
                0x0000000080036174                fat_cluster_list_size
                0x0000000080035f38                fat_cluster_list_read
                0x0000000080036084                fat_cluster_list_seek_set
                0x0000000080035df8                fat_cluster_list_open_by_cluster_no
                0x00000000800361fc                fat_cluster_list_dump
                0x00000000800360f0                fat_cluster_list_seek_cur
                0x0000000080035e5c                fat_cluster_list_open_by_fat_dir_entry
                0x0000000080036058                fat_cluster_list_tell
 .text          0x0000000080036368      0x1d4 ../kern/fat32/fat_dir.o
                0x0000000080036368                fat_dir_read
                0x000000008003649c                fat_dir_find
 .text          0x000000008003653c      0x87c ../kern/fat32/fat_file.o
                0x000000008003653c                fat_file_new
                0x000000008003667c                fat_file_read
                0x0000000080036cc8                fat_file_tell
                0x0000000080036d58                fat_file_close
                0x000000008003661c                fat_file_open
                0x0000000080036b84                fat_file_seek_cur
                0x0000000080036a54                fat_file_seek_set
 .text          0x0000000080036db8      0x3d8 ../kern/fat32/fat_instance.o
                0x0000000080037120                fat_instance_cluster_to_offset
                0x0000000080036db8                fat_instance_new
                0x0000000080036f2c                fat_instance_delete
                0x0000000080037008                fat_instance_head_offset
                0x0000000080037058                fat_instance_byte_to_offset
                0x0000000080036f88                fat_instance_dump
                0x00000000800370b0                fat_instance_sector_to_offset
 .text          0x0000000080037190      0x4d4 ../kern/fat32/fat_path.o
                0x0000000080037314                fat_path_get_entry
                0x000000008003757c                fat_path_get_cluster
 .text          0x0000000080037664      0x634 /usr/local/lib/gcc/mipsel-elf/4.2.4/libgcc.a(_udivdi3.o)
                0x0000000080037664                __udivdi3
 .text          0x0000000080037c98      0x644 /usr/local/lib/gcc/mipsel-elf/4.2.4/libgcc.a(_umoddi3.o)
                0x0000000080037c98                __umoddi3
 .text          0x00000000800382dc        0x0 /usr/local/lib/gcc/mipsel-elf/4.2.4/libgcc.a(_clz.o)
                0x00000000800382dc                _ecode = <code 342> (.)
 *(.rodata)
 .rodata        0x00000000800382dc        0xc interrupt.o
 .rodata        0x00000000800382e8      0x1e8 trap.o
 .rodata        0x00000000800384d0       0x58 syscall.o
 .rodata        0x0000000080038528       0x28 ../lib/console.o
 .rodata        0x0000000080038550       0xb4 ../kern/main.o
 .rodata        0x0000000080038604       0x18 ../kern/memory.o
 .rodata        0x000000008003861c       0x6c ../kern/thread.o
 .rodata        0x0000000080038688       0x3c ../kern/file_descriptor.o
 .rodata        0x00000000800386c4       0x68 ../kern/mbr.o
 .rodata        0x000000008003872c      0x1e8 ../kern/fat32/bpb.o
 .rodata        0x0000000080038914       0x60 ../kern/fat32/cluster.o
 .rodata        0x0000000080038974       0x64 ../kern/fat32/cluster_data.o
 .rodata        0x00000000800389d8      0x180 ../kern/fat32/dir_entry.o
 .rodata        0x0000000080038b58       0xb0 ../kern/fat32/fat32fs.o
 .rodata        0x0000000080038c08       0xb4 ../kern/fat32/fat_cluster_list.o
 .rodata        0x0000000080038cbc       0x58 ../kern/fat32/fat_file.o
 .rodata        0x0000000080038d14        0x4 ../kern/fat32/fat_path.o
 .rodata        0x0000000080038d18      0x100 /usr/local/lib/gcc/mipsel-elf/4.2.4/libgcc.a(_clz.o)
                0x0000000080038d18                __clz_tab
                0x0000000080038e18                . = ALIGN (0x8)
                0x0000000080038e18                _etext = <code 342> (.)

.eh_frame       0x0000000080038e18       0x38
 .eh_frame      0x0000000080038e18       0x20 /usr/local/lib/gcc/mipsel-elf/4.2.4/libgcc.a(_udivdi3.o)
 .eh_frame      0x0000000080038e38       0x18 /usr/local/lib/gcc/mipsel-elf/4.2.4/libgcc.a(_umoddi3.o)
                                         0x28 (size before relaxing)

.cache_error_vector
 cache_error_vector.o(.text)

.reset_vector
 reset_vector.o(.text)

.data           0x0000000080038e50       0x50
                0x0000000080038e50                _fdata = <code 342> (.)
 *(.data)
 .data          0x0000000080038e50        0x0 tlb_refill_vector.o
 .data          0x0000000080038e50        0x0 xtlb_refill_vector.o
 .data          0x0000000080038e50        0x0 general_vector.o
 .data          0x0000000080038e50        0x0 interrupt_vector.o
 .data          0x0000000080038e50        0x0 boot.o
 .data          0x0000000080038e50        0x0 cache_error_vector.o
 .data          0x0000000080038e50        0x0 reset_vector.o
 .data          0x0000000080038e50        0x0 init.o
 .data          0x0000000080038e50        0x0 console.o
 .data          0x0000000080038e50        0x0 thread.o
 .data          0x0000000080038e50        0x0 memory.o
 .data          0x0000000080038e50        0x0 switch.o
 .data          0x0000000080038e50        0x0 interrupt.o
 .data          0x0000000080038e50        0x0 trap.o
 .data          0x0000000080038e50        0x0 syscall.o
 .data          0x0000000080038e50        0x0 disk.o
 .data          0x0000000080038e50        0x0 exception.o
 .data          0x0000000080038e50        0x0 ../lib/string.o
 .data          0x0000000080038e50        0x0 ../lib/console.o
 .data          0x0000000080038e50       0x38 ../kern/main.o
                0x0000000080038e50                thread2
 .data          0x0000000080038e88        0x0 ../kern/memory.o
 .data          0x0000000080038e88        0x0 ../kern/thread.o
 .data          0x0000000080038e88        0x0 ../kern/file_descriptor.o
 .data          0x0000000080038e88        0x0 ../kern/mbr.o
 .data          0x0000000080038e88        0x0 ../kern/fat32/bpb.o
 .data          0x0000000080038e88        0x0 ../kern/fat32/cluster.o
 .data          0x0000000080038e88        0x0 ../kern/fat32/cluster_data.o
 .data          0x0000000080038e88        0x0 ../kern/fat32/dir_entry.o
 .data          0x0000000080038e88        0x0 ../kern/fat32/fat32fs.o
 .data          0x0000000080038e88        0x0 ../kern/fat32/fat_cluster_list.o
 .data          0x0000000080038e88        0x0 ../kern/fat32/fat_dir.o
 .data          0x0000000080038e88        0x0 ../kern/fat32/fat_file.o
 .data          0x0000000080038e88        0x0 ../kern/fat32/fat_instance.o
 .data          0x0000000080038e88        0x0 ../kern/fat32/fat_path.o
 .data          0x0000000080038e88        0x0 /usr/local/lib/gcc/mipsel-elf/4.2.4/libgcc.a(_udivdi3.o)
 .data          0x0000000080038e88        0x0 /usr/local/lib/gcc/mipsel-elf/4.2.4/libgcc.a(_umoddi3.o)
 .data          0x0000000080038e88        0x0 /usr/local/lib/gcc/mipsel-elf/4.2.4/libgcc.a(_clz.o)
                0x0000000080038e88                . = ALIGN (0x8)
                0x0000000080040e78                _gp = <code 342> ((. + 0x7ff0))
 *(.lit8)
 *(.lit4)
 *(.sdata)
 .sdata         0x0000000080038e88       0x18 ../kern/fat32/fat32fs.o
                0x0000000080038ea0                . = ALIGN (0x8)
                0x0000000080038ea0                _edata = <code 342> (.)
                0x0000000080038ea0                _fbss = .

.sbss           0x0000000080038ea0       0x2c
 *(.sbss)
 .sbss          0x0000000080038ea0        0xc ../kern/thread.o
                0x0000000080038ea0                thread_running
 .sbss          0x0000000080038eac        0xc ../kern/file_descriptor.o
 .sbss          0x0000000080038eb8        0x4 ../kern/fat32/fat32fs.o
 .sbss          0x0000000080038ebc        0xc ../kern/fat32/fat_path.o
 *(.scommon)
 .scommon       0x0000000080038ec8        0x0 thread.o
 .scommon       0x0000000080038ec8        0x0 ../kern/main.o
 .scommon       0x0000000080038ec8        0x4 ../kern/memory.o
                0x0000000080038ec8                unit_list_head

.bss            0x0000000080038ecc     0x520c
 *(.bss)
 .bss           0x0000000080038ecc        0x0 tlb_refill_vector.o
 .bss           0x0000000080038ecc        0x0 xtlb_refill_vector.o
 .bss           0x0000000080038ecc        0x0 general_vector.o
 .bss           0x0000000080038ecc        0x0 interrupt_vector.o
 .bss           0x0000000080038ecc        0x0 boot.o
 .bss           0x0000000080038ecc        0x0 cache_error_vector.o
 .bss           0x0000000080038ecc        0x0 reset_vector.o
 .bss           0x0000000080038ecc        0x0 init.o
 .bss           0x0000000080038ecc        0x0 console.o
 .bss           0x0000000080038ecc        0x0 thread.o
 .bss           0x0000000080038ecc        0x0 memory.o
 .bss           0x0000000080038ecc        0x0 switch.o
 .bss           0x0000000080038ecc        0x0 interrupt.o
 .bss           0x0000000080038ecc        0x0 trap.o
 .bss           0x0000000080038ecc        0x0 syscall.o
 .bss           0x0000000080038ecc        0x0 disk.o
 .bss           0x0000000080038ecc        0x0 exception.o
 .bss           0x0000000080038ecc        0x0 ../lib/string.o
 .bss           0x0000000080038ecc        0x0 ../lib/console.o
 .bss           0x0000000080038ecc        0x0 ../kern/main.o
 .bss           0x0000000080038ecc        0x0 ../kern/memory.o
 .bss           0x0000000080038ecc        0x0 ../kern/thread.o
 .bss           0x0000000080038ecc        0x0 ../kern/file_descriptor.o
 .bss           0x0000000080038ecc        0x0 ../kern/mbr.o
 .bss           0x0000000080038ecc        0x0 ../kern/fat32/bpb.o
 .bss           0x0000000080038ecc        0x0 ../kern/fat32/cluster.o
 .bss           0x0000000080038ecc        0x0 ../kern/fat32/cluster_data.o
 .bss           0x0000000080038ecc        0x0 ../kern/fat32/dir_entry.o
 .bss           0x0000000080038ecc      0x10c ../kern/fat32/fat32fs.o
 .bss           0x0000000080038fd8        0x0 ../kern/fat32/fat_cluster_list.o
 .bss           0x0000000080038fd8        0x0 ../kern/fat32/fat_dir.o
 .bss           0x0000000080038fd8        0x0 ../kern/fat32/fat_file.o
 .bss           0x0000000080038fd8        0x0 ../kern/fat32/fat_instance.o
 .bss           0x0000000080038fd8      0x100 ../kern/fat32/fat_path.o
 .bss           0x00000000800390d8        0x0 /usr/local/lib/gcc/mipsel-elf/4.2.4/libgcc.a(_udivdi3.o)
 .bss           0x00000000800390d8        0x0 /usr/local/lib/gcc/mipsel-elf/4.2.4/libgcc.a(_umoddi3.o)
 .bss           0x00000000800390d8        0x0 /usr/local/lib/gcc/mipsel-elf/4.2.4/libgcc.a(_clz.o)
 *(COMMON)
                0x00000000800390d8                . = ALIGN (0x8)
                0x000000008003e0d8                . = (. + 0x5000)
 *fill*         0x00000000800390d8     0x5000 00
                0x000000008003e0c8                _sp = (. - 0x10)
                0x000000008003e0d8                _end = .

.gptab.sdata
 *(.gptab.data)
 *(.gptab.sdata)

.gptab.sbss
 *(.gptab.bss)
 *(.gptab.sbss)

/DISCARD/
 *(.reginfo)
                0x0000000080038e18                PROVIDE (etext, _etext)
                0x000000008003e0d8                PROVIDE (edata, .)
                0x000000008003e0d8                PROVIDE (end, .)
LOAD boot.o
LOAD init.o
LOAD console.o
LOAD thread.o
LOAD memory.o
LOAD switch.o
LOAD interrupt.o
LOAD trap.o
LOAD syscall.o
LOAD disk.o
LOAD exception.o
LOAD tlb_refill_vector.o
LOAD xtlb_refill_vector.o
LOAD general_vector.o
LOAD interrupt_vector.o
LOAD reset_vector.o
LOAD cache_error_vector.o
LOAD ../lib/string.o
LOAD ../lib/console.o
LOAD ../kern/main.o
LOAD ../kern/memory.o
LOAD ../kern/thread.o
LOAD ../kern/file_descriptor.o
LOAD ../kern/mbr.o
LOAD ../kern/fat32/bpb.o
LOAD ../kern/fat32/cluster.o
LOAD ../kern/fat32/cluster_data.o
LOAD ../kern/fat32/dir_entry.o
LOAD ../kern/fat32/fat32fs.o
LOAD ../kern/fat32/fat_cluster_list.o
LOAD ../kern/fat32/fat_dir.o
LOAD ../kern/fat32/fat_file.o
LOAD ../kern/fat32/fat_instance.o
LOAD ../kern/fat32/fat_path.o
LOAD /usr/local/lib/gcc/mipsel-elf/4.2.4/libgcc.a
OUTPUT(shiitake elf32-littlemips)

.pdr            0x0000000000000000     0x12e0
 .pdr           0x0000000000000000        0x0 tlb_refill_vector.o
 .pdr           0x0000000000000000        0x0 xtlb_refill_vector.o
 .pdr           0x0000000000000000        0x0 general_vector.o
 .pdr           0x0000000000000000        0x0 interrupt_vector.o
 .pdr           0x0000000000000000       0x20 boot.o
 .pdr           0x0000000000000020        0x0 cache_error_vector.o
 .pdr           0x0000000000000020        0x0 reset_vector.o
 .pdr           0x0000000000000020       0x20 init.o
 .pdr           0x0000000000000040       0x40 console.o
 .pdr           0x0000000000000080       0x20 thread.o
 .pdr           0x00000000000000a0       0x40 memory.o
 .pdr           0x00000000000000e0       0x40 switch.o
 .pdr           0x0000000000000120       0x40 interrupt.o
 .pdr           0x0000000000000160       0x80 trap.o
 .pdr           0x00000000000001e0       0x20 syscall.o
 .pdr           0x0000000000000200       0x40 disk.o
 .pdr           0x0000000000000240       0x60 exception.o
 .pdr           0x00000000000002a0       0xe0 ../lib/string.o
 .pdr           0x0000000000000380      0x100 ../lib/console.o
 .pdr           0x0000000000000480       0x60 ../kern/main.o
 .pdr           0x00000000000004e0      0x160 ../kern/memory.o
 .pdr           0x0000000000000640      0x220 ../kern/thread.o
 .pdr           0x0000000000000860      0x140 ../kern/file_descriptor.o
 .pdr           0x00000000000009a0       0x80 ../kern/mbr.o
 .pdr           0x0000000000000a20      0x140 ../kern/fat32/bpb.o
 .pdr           0x0000000000000b60       0x60 ../kern/fat32/cluster.o
 .pdr           0x0000000000000bc0       0x60 ../kern/fat32/cluster_data.o
 .pdr           0x0000000000000c20      0x100 ../kern/fat32/dir_entry.o
 .pdr           0x0000000000000d20      0x160 ../kern/fat32/fat32fs.o
 .pdr           0x0000000000000e80      0x1c0 ../kern/fat32/fat_cluster_list.o
 .pdr           0x0000000000001040       0x40 ../kern/fat32/fat_dir.o
 .pdr           0x0000000000001080       0xe0 ../kern/fat32/fat_file.o
 .pdr           0x0000000000001160       0xe0 ../kern/fat32/fat_instance.o
 .pdr           0x0000000000001240       0x60 ../kern/fat32/fat_path.o
 .pdr           0x00000000000012a0       0x20 /usr/local/lib/gcc/mipsel-elf/4.2.4/libgcc.a(_udivdi3.o)
 .pdr           0x00000000000012c0       0x20 /usr/local/lib/gcc/mipsel-elf/4.2.4/libgcc.a(_umoddi3.o)
 .pdr           0x00000000000012e0        0x0 /usr/local/lib/gcc/mipsel-elf/4.2.4/libgcc.a(_clz.o)

.debug_line     0x0000000000000000     0x1aeb
 .debug_line    0x0000000000000000       0x42 tlb_refill_vector.o
 .debug_line    0x0000000000000042       0x43 xtlb_refill_vector.o
 .debug_line    0x0000000000000085       0x3f general_vector.o
 .debug_line    0x00000000000000c4       0x41 interrupt_vector.o
 .debug_line    0x0000000000000105       0x46 boot.o
 .debug_line    0x000000000000014b       0x43 cache_error_vector.o
 .debug_line    0x000000000000018e       0x3d reset_vector.o
 .debug_line    0x00000000000001cb       0x36 init.o
 .debug_line    0x0000000000000201       0x3f console.o
 .debug_line    0x0000000000000240       0x83 thread.o
 .debug_line    0x00000000000002c3       0x3e memory.o
 .debug_line    0x0000000000000301       0xd7 switch.o
 .debug_line    0x00000000000003d8       0x42 interrupt.o
 .debug_line    0x000000000000041a       0x7d trap.o
 .debug_line    0x0000000000000497       0x55 syscall.o
 .debug_line    0x00000000000004ec       0x8a disk.o
 .debug_line    0x0000000000000576      0x114 exception.o
 .debug_line    0x000000000000068a       0x92 ../lib/string.o
 .debug_line    0x000000000000071c      0x13c ../lib/console.o
 .debug_line    0x0000000000000858       0xbf ../kern/main.o
 .debug_line    0x0000000000000917       0xcd ../kern/memory.o
 .debug_line    0x00000000000009e4      0x11a ../kern/thread.o
 .debug_line    0x0000000000000afe       0xe4 ../kern/file_descriptor.o
 .debug_line    0x0000000000000be2       0x95 ../kern/mbr.o
 .debug_line    0x0000000000000c77      0x146 ../kern/fat32/bpb.o
 .debug_line    0x0000000000000dbd       0xd2 ../kern/fat32/cluster.o
 .debug_line    0x0000000000000e8f       0xd5 ../kern/fat32/cluster_data.o
 .debug_line    0x0000000000000f64      0x118 ../kern/fat32/dir_entry.o
 .debug_line    0x000000000000107c      0x1e1 ../kern/fat32/fat32fs.o
 .debug_line    0x000000000000125d      0x18b ../kern/fat32/fat_cluster_list.o
 .debug_line    0x00000000000013e8      0x109 ../kern/fat32/fat_dir.o
 .debug_line    0x00000000000014f1      0x152 ../kern/fat32/fat_file.o
 .debug_line    0x0000000000001643       0xf6 ../kern/fat32/fat_instance.o
 .debug_line    0x0000000000001739      0x14a ../kern/fat32/fat_path.o
 .debug_line    0x0000000000001883      0x105 /usr/local/lib/gcc/mipsel-elf/4.2.4/libgcc.a(_udivdi3.o)
 .debug_line    0x0000000000001988      0x120 /usr/local/lib/gcc/mipsel-elf/4.2.4/libgcc.a(_umoddi3.o)
 .debug_line    0x0000000000001aa8       0x43 /usr/local/lib/gcc/mipsel-elf/4.2.4/libgcc.a(_clz.o)

.debug_info     0x0000000000000000     0xa7b7
 .debug_info    0x0000000000000000       0x54 tlb_refill_vector.o
 .debug_info    0x0000000000000054       0x55 xtlb_refill_vector.o
 .debug_info    0x00000000000000a9       0x51 general_vector.o
 .debug_info    0x00000000000000fa       0x53 interrupt_vector.o
 .debug_info    0x000000000000014d       0x47 boot.o
 .debug_info    0x0000000000000194       0x55 cache_error_vector.o
 .debug_info    0x00000000000001e9       0x4f reset_vector.o
 .debug_info    0x0000000000000238       0x69 init.o
 .debug_info    0x00000000000002a1       0xb0 console.o
 .debug_info    0x0000000000000351      0x4db thread.o
 .debug_info    0x000000000000082c       0xb9 memory.o
 .debug_info    0x00000000000008e5       0x49 switch.o
 .debug_info    0x000000000000092e       0xd8 interrupt.o
 .debug_info    0x0000000000000a06      0x473 trap.o
 .debug_info    0x0000000000000e79      0x381 syscall.o
 .debug_info    0x00000000000011fa      0x207 disk.o
 .debug_info    0x0000000000001401       0x4c exception.o
 .debug_info    0x000000000000144d      0x340 ../lib/string.o
 .debug_info    0x000000000000178d      0x3b3 ../lib/console.o
 .debug_info    0x0000000000001b40      0x603 ../kern/main.o
 .debug_info    0x0000000000002143      0x439 ../kern/memory.o
 .debug_info    0x000000000000257c      0x895 ../kern/thread.o
 .debug_info    0x0000000000002e11      0x4d4 ../kern/file_descriptor.o
 .debug_info    0x00000000000032e5      0x39c ../kern/mbr.o
 .debug_info    0x0000000000003681      0x8c1 ../kern/fat32/bpb.o
 .debug_info    0x0000000000003f42      0x6ec ../kern/fat32/cluster.o
 .debug_info    0x000000000000462e      0x771 ../kern/fat32/cluster_data.o
 .debug_info    0x0000000000004d9f      0x6a2 ../kern/fat32/dir_entry.o
 .debug_info    0x0000000000005441     0x1038 ../kern/fat32/fat32fs.o
 .debug_info    0x0000000000006479      0xe43 ../kern/fat32/fat_cluster_list.o
 .debug_info    0x00000000000072bc      0xa38 ../kern/fat32/fat_dir.o
 .debug_info    0x0000000000007cf4      0x988 ../kern/fat32/fat_file.o
 .debug_info    0x000000000000867c      0x8c6 ../kern/fat32/fat_instance.o
 .debug_info    0x0000000000008f42      0xb15 ../kern/fat32/fat_path.o
 .debug_info    0x0000000000009a57      0x63d /usr/local/lib/gcc/mipsel-elf/4.2.4/libgcc.a(_udivdi3.o)
 .debug_info    0x000000000000a094      0x66c /usr/local/lib/gcc/mipsel-elf/4.2.4/libgcc.a(_umoddi3.o)
 .debug_info    0x000000000000a700       0xb7 /usr/local/lib/gcc/mipsel-elf/4.2.4/libgcc.a(_clz.o)

.debug_abbrev   0x0000000000000000     0x1abc
 .debug_abbrev  0x0000000000000000       0x14 tlb_refill_vector.o
 .debug_abbrev  0x0000000000000014       0x14 xtlb_refill_vector.o
 .debug_abbrev  0x0000000000000028       0x14 general_vector.o
 .debug_abbrev  0x000000000000003c       0x14 interrupt_vector.o
 .debug_abbrev  0x0000000000000050       0x14 boot.o
 .debug_abbrev  0x0000000000000064       0x14 cache_error_vector.o
 .debug_abbrev  0x0000000000000078       0x14 reset_vector.o
 .debug_abbrev  0x000000000000008c       0x2c init.o
 .debug_abbrev  0x00000000000000b8       0x71 console.o
 .debug_abbrev  0x0000000000000129       0xcb thread.o
 .debug_abbrev  0x00000000000001f4       0x5a memory.o
 .debug_abbrev  0x000000000000024e       0x14 switch.o
 .debug_abbrev  0x0000000000000262       0x76 interrupt.o
 .debug_abbrev  0x00000000000002d8       0xde trap.o
 .debug_abbrev  0x00000000000003b6       0x7a syscall.o
 .debug_abbrev  0x0000000000000430       0x7b disk.o
 .debug_abbrev  0x00000000000004ab       0x14 exception.o
 .debug_abbrev  0x00000000000004bf       0x8f ../lib/string.o
 .debug_abbrev  0x000000000000054e       0xdc ../lib/console.o
 .debug_abbrev  0x000000000000062a       0xf6 ../kern/main.o
 .debug_abbrev  0x0000000000000720      0x132 ../kern/memory.o
 .debug_abbrev  0x0000000000000852      0x1a5 ../kern/thread.o
 .debug_abbrev  0x00000000000009f7      0x13d ../kern/file_descriptor.o
 .debug_abbrev  0x0000000000000b34      0x106 ../kern/mbr.o
 .debug_abbrev  0x0000000000000c3a      0x111 ../kern/fat32/bpb.o
 .debug_abbrev  0x0000000000000d4b       0xf9 ../kern/fat32/cluster.o
 .debug_abbrev  0x0000000000000e44      0x100 ../kern/fat32/cluster_data.o
 .debug_abbrev  0x0000000000000f44      0x121 ../kern/fat32/dir_entry.o
 .debug_abbrev  0x0000000000001065      0x146 ../kern/fat32/fat32fs.o
 .debug_abbrev  0x00000000000011ab      0x15b ../kern/fat32/fat_cluster_list.o
 .debug_abbrev  0x0000000000001306       0xfa ../kern/fat32/fat_dir.o
 .debug_abbrev  0x0000000000001400      0x118 ../kern/fat32/fat_file.o
 .debug_abbrev  0x0000000000001518      0x10c ../kern/fat32/fat_instance.o
 .debug_abbrev  0x0000000000001624      0x139 ../kern/fat32/fat_path.o
 .debug_abbrev  0x000000000000175d      0x175 /usr/local/lib/gcc/mipsel-elf/4.2.4/libgcc.a(_udivdi3.o)
 .debug_abbrev  0x00000000000018d2      0x180 /usr/local/lib/gcc/mipsel-elf/4.2.4/libgcc.a(_umoddi3.o)
 .debug_abbrev  0x0000000000001a52       0x6a /usr/local/lib/gcc/mipsel-elf/4.2.4/libgcc.a(_clz.o)

.debug_aranges  0x0000000000000000      0x480
 .debug_aranges
                0x0000000000000000       0x20 tlb_refill_vector.o
 .debug_aranges
                0x0000000000000020       0x20 xtlb_refill_vector.o
 .debug_aranges
                0x0000000000000040       0x20 general_vector.o
 .debug_aranges
                0x0000000000000060       0x20 interrupt_vector.o
 .debug_aranges
                0x0000000000000080       0x20 boot.o
 .debug_aranges
                0x00000000000000a0       0x20 cache_error_vector.o
 .debug_aranges
                0x00000000000000c0       0x20 reset_vector.o
 .debug_aranges
                0x00000000000000e0       0x20 init.o
 .debug_aranges
                0x0000000000000100       0x20 console.o
 .debug_aranges
                0x0000000000000120       0x20 thread.o
 .debug_aranges
                0x0000000000000140       0x20 memory.o
 .debug_aranges
                0x0000000000000160       0x20 switch.o
 .debug_aranges
                0x0000000000000180       0x20 interrupt.o
 .debug_aranges
                0x00000000000001a0       0x20 trap.o
 .debug_aranges
                0x00000000000001c0       0x20 syscall.o
 .debug_aranges
                0x00000000000001e0       0x20 disk.o
 .debug_aranges
                0x0000000000000200       0x20 exception.o
 .debug_aranges
                0x0000000000000220       0x20 ../lib/string.o
 .debug_aranges
                0x0000000000000240       0x20 ../lib/console.o
 .debug_aranges
                0x0000000000000260       0x20 ../kern/main.o
 .debug_aranges
                0x0000000000000280       0x20 ../kern/memory.o
 .debug_aranges
                0x00000000000002a0       0x20 ../kern/thread.o
 .debug_aranges
                0x00000000000002c0       0x20 ../kern/file_descriptor.o
 .debug_aranges
                0x00000000000002e0       0x20 ../kern/mbr.o
 .debug_aranges
                0x0000000000000300       0x20 ../kern/fat32/bpb.o
 .debug_aranges
                0x0000000000000320       0x20 ../kern/fat32/cluster.o
 .debug_aranges
                0x0000000000000340       0x20 ../kern/fat32/cluster_data.o
 .debug_aranges
                0x0000000000000360       0x20 ../kern/fat32/dir_entry.o
 .debug_aranges
                0x0000000000000380       0x20 ../kern/fat32/fat32fs.o
 .debug_aranges
                0x00000000000003a0       0x20 ../kern/fat32/fat_cluster_list.o
 .debug_aranges
                0x00000000000003c0       0x20 ../kern/fat32/fat_dir.o
 .debug_aranges
                0x00000000000003e0       0x20 ../kern/fat32/fat_file.o
 .debug_aranges
                0x0000000000000400       0x20 ../kern/fat32/fat_instance.o
 .debug_aranges
                0x0000000000000420       0x20 ../kern/fat32/fat_path.o
 .debug_aranges
                0x0000000000000440       0x20 /usr/local/lib/gcc/mipsel-elf/4.2.4/libgcc.a(_udivdi3.o)
 .debug_aranges
                0x0000000000000460       0x20 /usr/local/lib/gcc/mipsel-elf/4.2.4/libgcc.a(_umoddi3.o)

.mdebug.abi32   0x0000000000000000        0x0
 .mdebug.abi32  0x0000000000000000        0x0 init.o
 .mdebug.abi32  0x0000000000000000        0x0 console.o
 .mdebug.abi32  0x0000000000000000        0x0 thread.o
 .mdebug.abi32  0x0000000000000000        0x0 memory.o
 .mdebug.abi32  0x0000000000000000        0x0 interrupt.o
 .mdebug.abi32  0x0000000000000000        0x0 trap.o
 .mdebug.abi32  0x0000000000000000        0x0 syscall.o
 .mdebug.abi32  0x0000000000000000        0x0 disk.o
 .mdebug.abi32  0x0000000000000000        0x0 ../lib/string.o
 .mdebug.abi32  0x0000000000000000        0x0 ../lib/console.o
 .mdebug.abi32  0x0000000000000000        0x0 ../kern/main.o
 .mdebug.abi32  0x0000000000000000        0x0 ../kern/memory.o
 .mdebug.abi32  0x0000000000000000        0x0 ../kern/thread.o
 .mdebug.abi32  0x0000000000000000        0x0 ../kern/file_descriptor.o
 .mdebug.abi32  0x0000000000000000        0x0 ../kern/mbr.o
 .mdebug.abi32  0x0000000000000000        0x0 ../kern/fat32/bpb.o
 .mdebug.abi32  0x0000000000000000        0x0 ../kern/fat32/cluster.o
 .mdebug.abi32  0x0000000000000000        0x0 ../kern/fat32/cluster_data.o
 .mdebug.abi32  0x0000000000000000        0x0 ../kern/fat32/dir_entry.o
 .mdebug.abi32  0x0000000000000000        0x0 ../kern/fat32/fat32fs.o
 .mdebug.abi32  0x0000000000000000        0x0 ../kern/fat32/fat_cluster_list.o
 .mdebug.abi32  0x0000000000000000        0x0 ../kern/fat32/fat_dir.o
 .mdebug.abi32  0x0000000000000000        0x0 ../kern/fat32/fat_file.o
 .mdebug.abi32  0x0000000000000000        0x0 ../kern/fat32/fat_instance.o
 .mdebug.abi32  0x0000000000000000        0x0 ../kern/fat32/fat_path.o
 .mdebug.abi32  0x0000000000000000        0x0 /usr/local/lib/gcc/mipsel-elf/4.2.4/libgcc.a(_udivdi3.o)
 .mdebug.abi32  0x0000000000000000        0x0 /usr/local/lib/gcc/mipsel-elf/4.2.4/libgcc.a(_umoddi3.o)
 .mdebug.abi32  0x0000000000000000        0x0 /usr/local/lib/gcc/mipsel-elf/4.2.4/libgcc.a(_clz.o)

.debug_frame    0x0000000000000000     0x11d8
 .debug_frame   0x0000000000000000       0x2c init.o
 .debug_frame   0x000000000000002c       0x48 console.o
 .debug_frame   0x0000000000000074       0x2c thread.o
 .debug_frame   0x00000000000000a0       0x48 memory.o
 .debug_frame   0x00000000000000e8       0x48 interrupt.o
 .debug_frame   0x0000000000000130       0x94 trap.o
 .debug_frame   0x00000000000001c4       0x2c syscall.o
 .debug_frame   0x00000000000001f0       0x48 disk.o
 .debug_frame   0x0000000000000238       0xd4 ../lib/string.o
 .debug_frame   0x000000000000030c      0x104 ../lib/console.o
 .debug_frame   0x0000000000000410       0x64 ../kern/main.o
 .debug_frame   0x0000000000000474      0x14c ../kern/memory.o
 .debug_frame   0x00000000000005c0      0x1ec ../kern/thread.o
 .debug_frame   0x00000000000007ac      0x128 ../kern/file_descriptor.o
 .debug_frame   0x00000000000008d4       0x80 ../kern/mbr.o
 .debug_frame   0x0000000000000954      0x130 ../kern/fat32/bpb.o
 .debug_frame   0x0000000000000a84       0x68 ../kern/fat32/cluster.o
 .debug_frame   0x0000000000000aec       0x6c ../kern/fat32/cluster_data.o
 .debug_frame   0x0000000000000b58       0xf0 ../kern/fat32/dir_entry.o
 .debug_frame   0x0000000000000c48      0x14c ../kern/fat32/fat32fs.o
 .debug_frame   0x0000000000000d94      0x19c ../kern/fat32/fat_cluster_list.o
 .debug_frame   0x0000000000000f30       0x48 ../kern/fat32/fat_dir.o
 .debug_frame   0x0000000000000f78       0xdc ../kern/fat32/fat_file.o
 .debug_frame   0x0000000000001054       0xd4 ../kern/fat32/fat_instance.o
 .debug_frame   0x0000000000001128       0x68 ../kern/fat32/fat_path.o
 .debug_frame   0x0000000000001190       0x20 /usr/local/lib/gcc/mipsel-elf/4.2.4/libgcc.a(_udivdi3.o)
 .debug_frame   0x00000000000011b0       0x28 /usr/local/lib/gcc/mipsel-elf/4.2.4/libgcc.a(_umoddi3.o)

.debug_loc      0x0000000000000000     0x2813
 .debug_loc     0x0000000000000000       0x2b init.o
 .debug_loc     0x000000000000002b       0x56 console.o
 .debug_loc     0x0000000000000081       0x2b thread.o
 .debug_loc     0x00000000000000ac       0x56 memory.o
 .debug_loc     0x0000000000000102       0x56 interrupt.o
 .debug_loc     0x0000000000000158       0xae trap.o
 .debug_loc     0x0000000000000206       0x2b syscall.o
 .debug_loc     0x0000000000000231       0x56 disk.o
 .debug_loc     0x0000000000000287      0x12d ../lib/string.o
 .debug_loc     0x00000000000003b4      0x160 ../lib/console.o
 .debug_loc     0x0000000000000514       0x81 ../kern/main.o
 .debug_loc     0x0000000000000595      0x1d9 ../kern/memory.o
 .debug_loc     0x000000000000076e      0x2db ../kern/thread.o
 .debug_loc     0x0000000000000a49      0x1ae ../kern/file_descriptor.o
 .debug_loc     0x0000000000000bf7       0xac ../kern/mbr.o
 .debug_loc     0x0000000000000ca3      0x1ae ../kern/fat32/bpb.o
 .debug_loc     0x0000000000000e51       0x81 ../kern/fat32/cluster.o
 .debug_loc     0x0000000000000ed2       0x81 ../kern/fat32/cluster_data.o
 .debug_loc     0x0000000000000f53      0x158 ../kern/fat32/dir_entry.o
 .debug_loc     0x00000000000010ab      0x1dd ../kern/fat32/fat32fs.o
 .debug_loc     0x0000000000001288      0x25a ../kern/fat32/fat_cluster_list.o
 .debug_loc     0x00000000000014e2       0x56 ../kern/fat32/fat_dir.o
 .debug_loc     0x0000000000001538      0x12f ../kern/fat32/fat_file.o
 .debug_loc     0x0000000000001667      0x12d ../kern/fat32/fat_instance.o
 .debug_loc     0x0000000000001794       0x83 ../kern/fat32/fat_path.o
 .debug_loc     0x0000000000001817      0x7c9 /usr/local/lib/gcc/mipsel-elf/4.2.4/libgcc.a(_udivdi3.o)
 .debug_loc     0x0000000000001fe0      0x833 /usr/local/lib/gcc/mipsel-elf/4.2.4/libgcc.a(_umoddi3.o)

.debug_pubnames
                0x0000000000000000      0xac1
 .debug_pubnames
                0x0000000000000000       0x20 init.o
 .debug_pubnames
                0x0000000000000020       0x2a console.o
 .debug_pubnames
                0x000000000000004a       0x3a thread.o
 .debug_pubnames
                0x0000000000000084       0x38 memory.o
 .debug_pubnames
                0x00000000000000bc       0x3a interrupt.o
 .debug_pubnames
                0x00000000000000f6       0x3f trap.o
 .debug_pubnames
                0x0000000000000135       0x25 syscall.o
 .debug_pubnames
                0x000000000000015a       0x2f disk.o
 .debug_pubnames
                0x0000000000000189       0x61 ../lib/string.o
 .debug_pubnames
                0x00000000000001ea       0x5f ../lib/console.o
 .debug_pubnames
                0x0000000000000249       0x52 ../kern/main.o
 .debug_pubnames
                0x000000000000029b       0x64 ../kern/memory.o
 .debug_pubnames
                0x00000000000002ff       0xc4 ../kern/thread.o
 .debug_pubnames
                0x00000000000003c3       0x8e ../kern/file_descriptor.o
 .debug_pubnames
                0x0000000000000451       0x5f ../kern/mbr.o
 .debug_pubnames
                0x00000000000004b0       0xb9 ../kern/fat32/bpb.o
 .debug_pubnames
                0x0000000000000569       0x47 ../kern/fat32/cluster.o
 .debug_pubnames
                0x00000000000005b0       0x40 ../kern/fat32/cluster_data.o
 .debug_pubnames
                0x00000000000005f0       0xb8 ../kern/fat32/dir_entry.o
 .debug_pubnames
                0x00000000000006a8       0x96 ../kern/fat32/fat32fs.o
 .debug_pubnames
                0x000000000000073e      0x13e ../kern/fat32/fat_cluster_list.o
 .debug_pubnames
                0x000000000000087c       0x34 ../kern/fat32/fat_dir.o
 .debug_pubnames
                0x00000000000008b0       0x98 ../kern/fat32/fat_file.o
 .debug_pubnames
                0x0000000000000948       0xd7 ../kern/fat32/fat_instance.o
 .debug_pubnames
                0x0000000000000a1f       0x42 ../kern/fat32/fat_path.o
 .debug_pubnames
                0x0000000000000a61       0x20 /usr/local/lib/gcc/mipsel-elf/4.2.4/libgcc.a(_udivdi3.o)
 .debug_pubnames
                0x0000000000000a81       0x20 /usr/local/lib/gcc/mipsel-elf/4.2.4/libgcc.a(_umoddi3.o)
 .debug_pubnames
                0x0000000000000aa1       0x20 /usr/local/lib/gcc/mipsel-elf/4.2.4/libgcc.a(_clz.o)

.comment        0x0000000000000000      0x1f8
 .comment       0x0000000000000000       0x12 init.o
 .comment       0x0000000000000012       0x12 console.o
 .comment       0x0000000000000024       0x12 thread.o
 .comment       0x0000000000000036       0x12 memory.o
 .comment       0x0000000000000048       0x12 interrupt.o
 .comment       0x000000000000005a       0x12 trap.o
 .comment       0x000000000000006c       0x12 syscall.o
 .comment       0x000000000000007e       0x12 disk.o
 .comment       0x0000000000000090       0x12 ../lib/string.o
 .comment       0x00000000000000a2       0x12 ../lib/console.o
 .comment       0x00000000000000b4       0x12 ../kern/main.o
 .comment       0x00000000000000c6       0x12 ../kern/memory.o
 .comment       0x00000000000000d8       0x12 ../kern/thread.o
 .comment       0x00000000000000ea       0x12 ../kern/file_descriptor.o
 .comment       0x00000000000000fc       0x12 ../kern/mbr.o
 .comment       0x000000000000010e       0x12 ../kern/fat32/bpb.o
 .comment       0x0000000000000120       0x12 ../kern/fat32/cluster.o
 .comment       0x0000000000000132       0x12 ../kern/fat32/cluster_data.o
 .comment       0x0000000000000144       0x12 ../kern/fat32/dir_entry.o
 .comment       0x0000000000000156       0x12 ../kern/fat32/fat32fs.o
 .comment       0x0000000000000168       0x12 ../kern/fat32/fat_cluster_list.o
 .comment       0x000000000000017a       0x12 ../kern/fat32/fat_dir.o
 .comment       0x000000000000018c       0x12 ../kern/fat32/fat_file.o
 .comment       0x000000000000019e       0x12 ../kern/fat32/fat_instance.o
 .comment       0x00000000000001b0       0x12 ../kern/fat32/fat_path.o
 .comment       0x00000000000001c2       0x12 /usr/local/lib/gcc/mipsel-elf/4.2.4/libgcc.a(_udivdi3.o)
 .comment       0x00000000000001d4       0x12 /usr/local/lib/gcc/mipsel-elf/4.2.4/libgcc.a(_umoddi3.o)
 .comment       0x00000000000001e6       0x12 /usr/local/lib/gcc/mipsel-elf/4.2.4/libgcc.a(_clz.o)

.debug_str      0x0000000000000000      0x259
 .debug_str     0x0000000000000000       0x13 trap.o
 .debug_str     0x0000000000000013        0x5 ../kern/memory.o
 .debug_str     0x0000000000000018        0xd ../kern/thread.o
 .debug_str     0x0000000000000025        0xa ../kern/mbr.o
 .debug_str     0x000000000000002f        0xb ../kern/fat32/cluster.o
 .debug_str     0x000000000000003a       0x18 ../kern/fat32/cluster_data.o
 .debug_str     0x0000000000000052        0xb ../kern/fat32/dir_entry.o
 .debug_str     0x000000000000005d       0x2a ../kern/fat32/fat32fs.o
 .debug_str     0x0000000000000087       0x3a ../kern/fat32/fat_cluster_list.o
 .debug_str     0x00000000000000c1       0x16 ../kern/fat32/fat_dir.o
 .debug_str     0x00000000000000d7       0x19 ../kern/fat32/fat_file.o
 .debug_str     0x00000000000000f0        0xa ../kern/fat32/fat_instance.o
 .debug_str     0x00000000000000fa       0x16 ../kern/fat32/fat_path.o
 .debug_str     0x0000000000000110      0x13f /usr/local/lib/gcc/mipsel-elf/4.2.4/libgcc.a(_udivdi3.o)
                                        0x178 (size before relaxing)
 .debug_str     0x000000000000024f        0xa /usr/local/lib/gcc/mipsel-elf/4.2.4/libgcc.a(_umoddi3.o)
                                        0x178 (size before relaxing)
 .debug_str     0x0000000000000000      0x10a /usr/local/lib/gcc/mipsel-elf/4.2.4/libgcc.a(_clz.o)

.debug_ranges   0x0000000000000000      0x280
 .debug_ranges  0x0000000000000000      0x160 /usr/local/lib/gcc/mipsel-elf/4.2.4/libgcc.a(_udivdi3.o)
 .debug_ranges  0x0000000000000160      0x120 /usr/local/lib/gcc/mipsel-elf/4.2.4/libgcc.a(_umoddi3.o)
