Archive member included because of file (symbol)

/usr/local/lib/gcc/mipsel-elf/4.2.4/libgcc.a(_udivdi3.o)
                              ../lib/console.o (__udivdi3)
/usr/local/lib/gcc/mipsel-elf/4.2.4/libgcc.a(_umoddi3.o)
                              ../lib/console.o (__umoddi3)
/usr/local/lib/gcc/mipsel-elf/4.2.4/libgcc.a(_clz.o)
                              /usr/local/lib/gcc/mipsel-elf/4.2.4/libgcc.a(_udivdi3.o) (__clz_tab)

Allocating common symbols
Common symbol       size              file

unit_list_head      0x4               ../kern/memory.o

Discarded input sections

 .reginfo       0x0000000000000000        0x0 boot.o
 .reginfo       0x0000000000000000        0x0 init.o
 .reginfo       0x0000000000000000        0x0 console.o
 .reginfo       0x0000000000000000        0x0 thread.o
 .reginfo       0x0000000000000000        0x0 memory.o
 .reginfo       0x0000000000000000        0x0 locore.o
 .reginfo       0x0000000000000000        0x0 ../lib/string.o
 .reginfo       0x0000000000000000        0x0 ../lib/console.o
 .reginfo       0x0000000000000000        0x0 ../kern/main.o
 .reginfo       0x0000000000000000        0x0 ../kern/memory.o
 .reginfo       0x0000000000000000        0x0 ../kern/thread.o
 .reginfo       0x0000000000000000        0x0 /usr/local/lib/gcc/mipsel-elf/4.2.4/libgcc.a(_udivdi3.o)
 .reginfo       0x0000000000000000        0x0 /usr/local/lib/gcc/mipsel-elf/4.2.4/libgcc.a(_umoddi3.o)
 .reginfo       0x0000000000000000        0x0 /usr/local/lib/gcc/mipsel-elf/4.2.4/libgcc.a(_clz.o)

Memory Configuration

Name             Origin             Length             Attributes
*default*        0x0000000000000000 0xffffffffffffffff

Linker script and memory map


.text           0x0000000080030000     0x3940
                0x0000000080030000                _ftext = <code 342> (.)
 boot.o(.text)
 .text          0x0000000080030000       0x60 boot.o
                0x0000000080030000                _start
 *(.text)
 .text          0x0000000080030060       0x20 init.o
                0x0000000080030060                arch_init
 .text          0x0000000080030080       0x80 console.o
                0x0000000080030080                putchar
                0x00000000800300b8                getchar
 .text          0x0000000080030100       0x74 thread.o
                0x0000000080030100                md_thread_create
 .text          0x0000000080030174       0x48 memory.o
                0x0000000080030174                md_memory_head
                0x0000000080030198                md_memory_tail
 .text          0x00000000800301bc      0x18c locore.o
                0x00000000800301bc                md_thread_switch
 .text          0x0000000080030348      0x67c ../lib/string.o
                0x000000008003057c                strcpy
                0x0000000080030498                memcpy
                0x000000008003089c                strncmp
                0x0000000080030628                strncpy
                0x00000000800303bc                memset
                0x0000000080030790                strcmp
                0x0000000080030348                strlen
 .text          0x00000000800309c4      0xc90 ../lib/console.o
                0x00000000800311bc                printf
                0x0000000080030fdc                puts
                0x00000000800310f0                getns
                0x0000000080030e8c                putx
                0x0000000080031060                putns
                0x0000000080030b94                putu
                0x0000000080030d04                putlu
                0x00000000800309c4                putd
 .text          0x0000000080031654      0x144 ../kern/main.o
                0x0000000080031758                thread2
                0x0000000080031654                main
                0x0000000080031718                thread1
 .text          0x0000000080031798      0xb44 ../kern/memory.o
                0x000000008003222c                malloc_dump
                0x00000000800319a8                malloc
                0x0000000080031df4                calloc
                0x0000000080031798                memory_init
                0x0000000080031eac                free
 .text          0x00000000800322dc      0x6a4 ../kern/thread.o
                0x00000000800322dc                thread_init
                0x00000000800327a4                thread_wakeup
                0x00000000800328dc                thread_switch
                0x00000000800327e4                thread_sleep
                0x0000000080032824                thread_yield
                0x00000000800323a0                thread_self
                0x0000000080032704                thread_destroy
                0x00000000800323c4                thread_create
 .text          0x0000000080032980      0x634 /usr/local/lib/gcc/mipsel-elf/4.2.4/libgcc.a(_udivdi3.o)
                0x0000000080032980                __udivdi3
 .text          0x0000000080032fb4      0x644 /usr/local/lib/gcc/mipsel-elf/4.2.4/libgcc.a(_umoddi3.o)
                0x0000000080032fb4                __umoddi3
 .text          0x00000000800335f8        0x0 /usr/local/lib/gcc/mipsel-elf/4.2.4/libgcc.a(_clz.o)
                0x00000000800335f8                _ecode = <code 342> (.)
 *(.rodata)
 .rodata        0x00000000800335f8       0x44 ../lib/string.o
 .rodata        0x000000008003363c       0x28 ../lib/console.o
 .rodata        0x0000000080033664       0x68 ../kern/main.o
 .rodata        0x00000000800336cc      0x104 ../kern/memory.o
 .rodata        0x00000000800337d0       0x6c ../kern/thread.o
 .rodata        0x000000008003383c      0x100 /usr/local/lib/gcc/mipsel-elf/4.2.4/libgcc.a(_clz.o)
                0x000000008003383c                __clz_tab
                0x0000000080033940                . = ALIGN (0x8)
 *fill*         0x000000008003393c        0x4 00000000
                0x0000000080033940                _etext = <code 342> (.)

.eh_frame       0x0000000080033940       0x38
 .eh_frame      0x0000000080033940       0x20 /usr/local/lib/gcc/mipsel-elf/4.2.4/libgcc.a(_udivdi3.o)
 .eh_frame      0x0000000080033960       0x18 /usr/local/lib/gcc/mipsel-elf/4.2.4/libgcc.a(_umoddi3.o)
                                         0x28 (size before relaxing)

.data           0x0000000080033978       0x28
                0x0000000080033978                _fdata = <code 342> (.)
 *(.data)
 .data          0x0000000080033978        0x0 boot.o
 .data          0x0000000080033978        0x0 init.o
 .data          0x0000000080033978        0x0 console.o
 .data          0x0000000080033978        0x0 thread.o
 .data          0x0000000080033978        0x0 memory.o
 .data          0x0000000080033978        0x0 locore.o
 .data          0x0000000080033978        0x0 ../lib/string.o
 .data          0x0000000080033978        0x0 ../lib/console.o
 .data          0x0000000080033978        0x0 ../kern/main.o
 .data          0x0000000080033978        0x0 ../kern/memory.o
 .data          0x0000000080033978        0x0 ../kern/thread.o
 .data          0x0000000080033978        0x0 /usr/local/lib/gcc/mipsel-elf/4.2.4/libgcc.a(_udivdi3.o)
 .data          0x0000000080033978        0x0 /usr/local/lib/gcc/mipsel-elf/4.2.4/libgcc.a(_umoddi3.o)
 .data          0x0000000080033978        0x0 /usr/local/lib/gcc/mipsel-elf/4.2.4/libgcc.a(_clz.o)
                0x0000000080033978                . = ALIGN (0x8)
                0x000000008003b968                _gp = <code 342> ((. + 0x7ff0))
 *(.lit8)
 *(.lit4)
 *(.sdata)
 .sdata         0x0000000080033978       0x18 ../lib/string.o
 .sdata         0x0000000080033990       0x10 ../kern/memory.o
                0x00000000800339a0                . = ALIGN (0x8)
                0x00000000800339a0                _edata = <code 342> (.)
                0x00000000800339a0                _fbss = .

.sbss           0x00000000800339a0       0x10
 *(.sbss)
 .sbss          0x00000000800339a0        0xc ../kern/thread.o
 *(.scommon)
 .scommon       0x00000000800339ac        0x4 ../kern/memory.o
                0x00000000800339ac                unit_list_head

.bss            0x00000000800339b0     0x5000
 *(.bss)
 .bss           0x00000000800339b0        0x0 boot.o
 .bss           0x00000000800339b0        0x0 init.o
 .bss           0x00000000800339b0        0x0 console.o
 .bss           0x00000000800339b0        0x0 thread.o
 .bss           0x00000000800339b0        0x0 memory.o
 .bss           0x00000000800339b0        0x0 locore.o
 .bss           0x00000000800339b0        0x0 ../lib/string.o
 .bss           0x00000000800339b0        0x0 ../lib/console.o
 .bss           0x00000000800339b0        0x0 ../kern/main.o
 .bss           0x00000000800339b0        0x0 ../kern/memory.o
 .bss           0x00000000800339b0        0x0 ../kern/thread.o
 .bss           0x00000000800339b0        0x0 /usr/local/lib/gcc/mipsel-elf/4.2.4/libgcc.a(_udivdi3.o)
 .bss           0x00000000800339b0        0x0 /usr/local/lib/gcc/mipsel-elf/4.2.4/libgcc.a(_umoddi3.o)
 .bss           0x00000000800339b0        0x0 /usr/local/lib/gcc/mipsel-elf/4.2.4/libgcc.a(_clz.o)
 *(COMMON)
                0x00000000800339b0                . = ALIGN (0x8)
                0x00000000800389b0                . = (. + 0x5000)
 *fill*         0x00000000800339b0     0x5000 00
                0x00000000800389a0                _sp = (. - 0x10)
                0x00000000800389b0                _end = .

.gptab.sdata
 *(.gptab.data)
 *(.gptab.sdata)

.gptab.sbss
 *(.gptab.bss)
 *(.gptab.sbss)

/DISCARD/
 *(.reginfo)
                0x0000000080033940                PROVIDE (etext, _etext)
                0x00000000800389b0                PROVIDE (edata, .)
                0x00000000800389b0                PROVIDE (end, .)
LOAD boot.o
LOAD init.o
LOAD console.o
LOAD thread.o
LOAD memory.o
LOAD locore.o
LOAD ../lib/string.o
LOAD ../lib/console.o
LOAD ../kern/main.o
LOAD ../kern/memory.o
LOAD ../kern/thread.o
LOAD /usr/local/lib/gcc/mipsel-elf/4.2.4/libgcc.a
OUTPUT(shiitake elf32-littlemips)

.pdr            0x0000000000000000      0x6e0
 .pdr           0x0000000000000000       0x20 boot.o
 .pdr           0x0000000000000020       0x20 init.o
 .pdr           0x0000000000000040       0x40 console.o
 .pdr           0x0000000000000080       0x20 thread.o
 .pdr           0x00000000000000a0       0x40 memory.o
 .pdr           0x00000000000000e0       0x20 locore.o
 .pdr           0x0000000000000100       0xe0 ../lib/string.o
 .pdr           0x00000000000001e0      0x100 ../lib/console.o
 .pdr           0x00000000000002e0       0x60 ../kern/main.o
 .pdr           0x0000000000000340      0x160 ../kern/memory.o
 .pdr           0x00000000000004a0      0x200 ../kern/thread.o
 .pdr           0x00000000000006a0       0x20 /usr/local/lib/gcc/mipsel-elf/4.2.4/libgcc.a(_udivdi3.o)
 .pdr           0x00000000000006c0       0x20 /usr/local/lib/gcc/mipsel-elf/4.2.4/libgcc.a(_umoddi3.o)
 .pdr           0x00000000000006e0        0x0 /usr/local/lib/gcc/mipsel-elf/4.2.4/libgcc.a(_clz.o)

.debug_line     0x0000000000000000      0x8e3
 .debug_line    0x0000000000000000       0x46 boot.o
 .debug_line    0x0000000000000046       0x35 init.o
 .debug_line    0x000000000000007b       0x41 console.o
 .debug_line    0x00000000000000bc       0x82 thread.o
 .debug_line    0x000000000000013e       0x3e memory.o
 .debug_line    0x000000000000017c       0x9a locore.o
 .debug_line    0x0000000000000216       0xa2 ../lib/string.o
 .debug_line    0x00000000000002b8      0x150 ../lib/console.o
 .debug_line    0x0000000000000408       0x57 ../kern/main.o
 .debug_line    0x000000000000045f      0x102 ../kern/memory.o
 .debug_line    0x0000000000000561      0x11a ../kern/thread.o
 .debug_line    0x000000000000067b      0x105 /usr/local/lib/gcc/mipsel-elf/4.2.4/libgcc.a(_udivdi3.o)
 .debug_line    0x0000000000000780      0x120 /usr/local/lib/gcc/mipsel-elf/4.2.4/libgcc.a(_umoddi3.o)
 .debug_line    0x00000000000008a0       0x43 /usr/local/lib/gcc/mipsel-elf/4.2.4/libgcc.a(_clz.o)

.debug_info     0x0000000000000000     0x2a1a
 .debug_info    0x0000000000000000       0x47 boot.o
 .debug_info    0x0000000000000047       0x69 init.o
 .debug_info    0x00000000000000b0       0xb0 console.o
 .debug_info    0x0000000000000160      0x49d thread.o
 .debug_info    0x00000000000005fd       0xb9 memory.o
 .debug_info    0x00000000000006b6       0x49 locore.o
 .debug_info    0x00000000000006ff      0x385 ../lib/string.o
 .debug_info    0x0000000000000a84      0x392 ../lib/console.o
 .debug_info    0x0000000000000e16      0x146 ../kern/main.o
 .debug_info    0x0000000000000f5c      0x517 ../kern/memory.o
 .debug_info    0x0000000000001473      0x847 ../kern/thread.o
 .debug_info    0x0000000000001cba      0x63d /usr/local/lib/gcc/mipsel-elf/4.2.4/libgcc.a(_udivdi3.o)
 .debug_info    0x00000000000022f7      0x66c /usr/local/lib/gcc/mipsel-elf/4.2.4/libgcc.a(_umoddi3.o)
 .debug_info    0x0000000000002963       0xb7 /usr/local/lib/gcc/mipsel-elf/4.2.4/libgcc.a(_clz.o)

.debug_abbrev   0x0000000000000000      0x9e1
 .debug_abbrev  0x0000000000000000       0x14 boot.o
 .debug_abbrev  0x0000000000000014       0x2c init.o
 .debug_abbrev  0x0000000000000040       0x71 console.o
 .debug_abbrev  0x00000000000000b1       0xba thread.o
 .debug_abbrev  0x000000000000016b       0x5a memory.o
 .debug_abbrev  0x00000000000001c5       0x14 locore.o
 .debug_abbrev  0x00000000000001d9       0x9d ../lib/string.o
 .debug_abbrev  0x0000000000000276       0xdc ../lib/console.o
 .debug_abbrev  0x0000000000000352       0x6b ../kern/main.o
 .debug_abbrev  0x00000000000003bd      0x149 ../kern/memory.o
 .debug_abbrev  0x0000000000000506      0x17c ../kern/thread.o
 .debug_abbrev  0x0000000000000682      0x175 /usr/local/lib/gcc/mipsel-elf/4.2.4/libgcc.a(_udivdi3.o)
 .debug_abbrev  0x00000000000007f7      0x180 /usr/local/lib/gcc/mipsel-elf/4.2.4/libgcc.a(_umoddi3.o)
 .debug_abbrev  0x0000000000000977       0x6a /usr/local/lib/gcc/mipsel-elf/4.2.4/libgcc.a(_clz.o)

.debug_aranges  0x0000000000000000      0x1a0
 .debug_aranges
                0x0000000000000000       0x20 boot.o
 .debug_aranges
                0x0000000000000020       0x20 init.o
 .debug_aranges
                0x0000000000000040       0x20 console.o
 .debug_aranges
                0x0000000000000060       0x20 thread.o
 .debug_aranges
                0x0000000000000080       0x20 memory.o
 .debug_aranges
                0x00000000000000a0       0x20 locore.o
 .debug_aranges
                0x00000000000000c0       0x20 ../lib/string.o
 .debug_aranges
                0x00000000000000e0       0x20 ../lib/console.o
 .debug_aranges
                0x0000000000000100       0x20 ../kern/main.o
 .debug_aranges
                0x0000000000000120       0x20 ../kern/memory.o
 .debug_aranges
                0x0000000000000140       0x20 ../kern/thread.o
 .debug_aranges
                0x0000000000000160       0x20 /usr/local/lib/gcc/mipsel-elf/4.2.4/libgcc.a(_udivdi3.o)
 .debug_aranges
                0x0000000000000180       0x20 /usr/local/lib/gcc/mipsel-elf/4.2.4/libgcc.a(_umoddi3.o)

.mdebug.abi32   0x0000000000000000        0x0
 .mdebug.abi32  0x0000000000000000        0x0 init.o
 .mdebug.abi32  0x0000000000000000        0x0 console.o
 .mdebug.abi32  0x0000000000000000        0x0 thread.o
 .mdebug.abi32  0x0000000000000000        0x0 memory.o
 .mdebug.abi32  0x0000000000000000        0x0 ../lib/string.o
 .mdebug.abi32  0x0000000000000000        0x0 ../lib/console.o
 .mdebug.abi32  0x0000000000000000        0x0 ../kern/main.o
 .mdebug.abi32  0x0000000000000000        0x0 ../kern/memory.o
 .mdebug.abi32  0x0000000000000000        0x0 ../kern/thread.o
 .mdebug.abi32  0x0000000000000000        0x0 /usr/local/lib/gcc/mipsel-elf/4.2.4/libgcc.a(_udivdi3.o)
 .mdebug.abi32  0x0000000000000000        0x0 /usr/local/lib/gcc/mipsel-elf/4.2.4/libgcc.a(_umoddi3.o)
 .mdebug.abi32  0x0000000000000000        0x0 /usr/local/lib/gcc/mipsel-elf/4.2.4/libgcc.a(_clz.o)

.debug_frame    0x0000000000000000      0x688
 .debug_frame   0x0000000000000000       0x2c init.o
 .debug_frame   0x000000000000002c       0x48 console.o
 .debug_frame   0x0000000000000074       0x2c thread.o
 .debug_frame   0x00000000000000a0       0x48 memory.o
 .debug_frame   0x00000000000000e8       0xd4 ../lib/string.o
 .debug_frame   0x00000000000001bc      0x104 ../lib/console.o
 .debug_frame   0x00000000000002c0       0x64 ../kern/main.o
 .debug_frame   0x0000000000000324      0x14c ../kern/memory.o
 .debug_frame   0x0000000000000470      0x1d0 ../kern/thread.o
 .debug_frame   0x0000000000000640       0x20 /usr/local/lib/gcc/mipsel-elf/4.2.4/libgcc.a(_udivdi3.o)
 .debug_frame   0x0000000000000660       0x28 /usr/local/lib/gcc/mipsel-elf/4.2.4/libgcc.a(_umoddi3.o)

.debug_loc      0x0000000000000000     0x1895
 .debug_loc     0x0000000000000000       0x2b init.o
 .debug_loc     0x000000000000002b       0x56 console.o
 .debug_loc     0x0000000000000081       0x2b thread.o
 .debug_loc     0x00000000000000ac       0x56 memory.o
 .debug_loc     0x0000000000000102      0x12d ../lib/string.o
 .debug_loc     0x000000000000022f      0x160 ../lib/console.o
 .debug_loc     0x000000000000038f       0x81 ../kern/main.o
 .debug_loc     0x0000000000000410      0x1d9 ../kern/memory.o
 .debug_loc     0x00000000000005e9      0x2b0 ../kern/thread.o
 .debug_loc     0x0000000000000899      0x7c9 /usr/local/lib/gcc/mipsel-elf/4.2.4/libgcc.a(_udivdi3.o)
 .debug_loc     0x0000000000001062      0x833 /usr/local/lib/gcc/mipsel-elf/4.2.4/libgcc.a(_umoddi3.o)

.debug_pubnames
                0x0000000000000000      0x2fd
 .debug_pubnames
                0x0000000000000000       0x20 init.o
 .debug_pubnames
                0x0000000000000020       0x2a console.o
 .debug_pubnames
                0x000000000000004a       0x27 thread.o
 .debug_pubnames
                0x0000000000000071       0x38 memory.o
 .debug_pubnames
                0x00000000000000a9       0x61 ../lib/string.o
 .debug_pubnames
                0x000000000000010a       0x5f ../lib/console.o
 .debug_pubnames
                0x0000000000000169       0x33 ../kern/main.o
 .debug_pubnames
                0x000000000000019c       0x64 ../kern/memory.o
 .debug_pubnames
                0x0000000000000200       0x9d ../kern/thread.o
 .debug_pubnames
                0x000000000000029d       0x20 /usr/local/lib/gcc/mipsel-elf/4.2.4/libgcc.a(_udivdi3.o)
 .debug_pubnames
                0x00000000000002bd       0x20 /usr/local/lib/gcc/mipsel-elf/4.2.4/libgcc.a(_umoddi3.o)
 .debug_pubnames
                0x00000000000002dd       0x20 /usr/local/lib/gcc/mipsel-elf/4.2.4/libgcc.a(_clz.o)

.comment        0x0000000000000000       0xd8
 .comment       0x0000000000000000       0x12 init.o
 .comment       0x0000000000000012       0x12 console.o
 .comment       0x0000000000000024       0x12 thread.o
 .comment       0x0000000000000036       0x12 memory.o
 .comment       0x0000000000000048       0x12 ../lib/string.o
 .comment       0x000000000000005a       0x12 ../lib/console.o
 .comment       0x000000000000006c       0x12 ../kern/main.o
 .comment       0x000000000000007e       0x12 ../kern/memory.o
 .comment       0x0000000000000090       0x12 ../kern/thread.o
 .comment       0x00000000000000a2       0x12 /usr/local/lib/gcc/mipsel-elf/4.2.4/libgcc.a(_udivdi3.o)
 .comment       0x00000000000000b4       0x12 /usr/local/lib/gcc/mipsel-elf/4.2.4/libgcc.a(_umoddi3.o)
 .comment       0x00000000000000c6       0x12 /usr/local/lib/gcc/mipsel-elf/4.2.4/libgcc.a(_clz.o)

.debug_str      0x0000000000000000      0x175
 .debug_str     0x0000000000000000        0xd ../lib/string.o
 .debug_str     0x000000000000000d       0x12 ../kern/memory.o
 .debug_str     0x000000000000001f        0xd ../kern/thread.o
 .debug_str     0x000000000000002c      0x13f /usr/local/lib/gcc/mipsel-elf/4.2.4/libgcc.a(_udivdi3.o)
                                        0x178 (size before relaxing)
 .debug_str     0x000000000000016b        0xa /usr/local/lib/gcc/mipsel-elf/4.2.4/libgcc.a(_umoddi3.o)
                                        0x178 (size before relaxing)
 .debug_str     0x0000000000000000      0x10a /usr/local/lib/gcc/mipsel-elf/4.2.4/libgcc.a(_clz.o)

.debug_ranges   0x0000000000000000      0x280
 .debug_ranges  0x0000000000000000      0x160 /usr/local/lib/gcc/mipsel-elf/4.2.4/libgcc.a(_udivdi3.o)
 .debug_ranges  0x0000000000000160      0x120 /usr/local/lib/gcc/mipsel-elf/4.2.4/libgcc.a(_umoddi3.o)
