Archive member included because of file (symbol)

/usr/local/lib/gcc/mipsel-elf/4.2.4/libgcc.a(_udivdi3.o)
                              ../lib/console.o (__udivdi3)
/usr/local/lib/gcc/mipsel-elf/4.2.4/libgcc.a(_umoddi3.o)
                              ../lib/console.o (__umoddi3)
/usr/local/lib/gcc/mipsel-elf/4.2.4/libgcc.a(_clz.o)
                              /usr/local/lib/gcc/mipsel-elf/4.2.4/libgcc.a(_udivdi3.o) (__clz_tab)

Allocating common symbols
Common symbol       size              file

unit_list_head      0x4               ../kern/memory.o

Discarded input sections

 .reginfo       0x0000000000000000        0x0 tlb_refill_vector.o
 .reginfo       0x0000000000000000        0x0 xtlb_refill_vector.o
 .reginfo       0x0000000000000000        0x0 general_vector.o
 .reginfo       0x0000000000000000        0x0 interrupt_vector.o
 .reginfo       0x0000000000000000        0x0 boot.o
 .reginfo       0x0000000000000000        0x0 cache_error_vector.o
 .reginfo       0x0000000000000000        0x0 reset_vector.o
 .reginfo       0x0000000000000000        0x0 init.o
 .reginfo       0x0000000000000000        0x0 console.o
 .reginfo       0x0000000000000000        0x0 thread.o
 .reginfo       0x0000000000000000        0x0 memory.o
 .reginfo       0x0000000000000000        0x0 switch.o
 .reginfo       0x0000000000000000        0x0 interrupt.o
 .reginfo       0x0000000000000000        0x0 trap.o
 .reginfo       0x0000000000000000        0x0 syscall.o
 .reginfo       0x0000000000000000        0x0 disk.o
 .reginfo       0x0000000000000000        0x0 exception.o
 .reginfo       0x0000000000000000        0x0 ../lib/string.o
 .reginfo       0x0000000000000000        0x0 ../lib/console.o
 .reginfo       0x0000000000000000        0x0 ../kern/main.o
 .reginfo       0x0000000000000000        0x0 ../kern/memory.o
 .reginfo       0x0000000000000000        0x0 ../kern/thread.o
 .reginfo       0x0000000000000000        0x0 ../kern/file_descriptor.o
 .reginfo       0x0000000000000000        0x0 ../kern/mbr.o
 .reginfo       0x0000000000000000        0x0 ../kern/fat32/bpb.o
 .reginfo       0x0000000000000000        0x0 ../kern/fat32/cluster.o
 .reginfo       0x0000000000000000        0x0 ../kern/fat32/cluster_data.o
 .reginfo       0x0000000000000000        0x0 ../kern/fat32/dir_entry.o
 .reginfo       0x0000000000000000        0x0 ../kern/fat32/fat32fs.o
 .reginfo       0x0000000000000000        0x0 ../kern/fat32/fat_cluster_list.o
 .reginfo       0x0000000000000000        0x0 ../kern/fat32/fat_dir.o
 .reginfo       0x0000000000000000        0x0 ../kern/fat32/fat_file.o
 .reginfo       0x0000000000000000        0x0 ../kern/fat32/fat_instance.o
 .reginfo       0x0000000000000000        0x0 ../kern/fat32/fat_path.o
 .reginfo       0x0000000000000000        0x0 ../kern/disk.o
 .reginfo       0x0000000000000000        0x0 /usr/local/lib/gcc/mipsel-elf/4.2.4/libgcc.a(_udivdi3.o)
 .reginfo       0x0000000000000000        0x0 /usr/local/lib/gcc/mipsel-elf/4.2.4/libgcc.a(_umoddi3.o)
 .reginfo       0x0000000000000000        0x0 /usr/local/lib/gcc/mipsel-elf/4.2.4/libgcc.a(_clz.o)

Memory Configuration

Name             Origin             Length             Attributes
*default*        0x0000000000000000 0xffffffffffffffff

Linker script and memory map


.tlb_refill_vector
                0x0000000080000000        0xc
 tlb_refill_vector.o(.text)
 .text          0x0000000080000000        0xc tlb_refill_vector.o

.xtlb_refill_vector
                0x0000000080000080        0xc
 xtlb_refill_vector.o(.text)
 .text          0x0000000080000080        0xc xtlb_refill_vector.o

.general_vector
                0x0000000080000180        0xc
 general_vector.o(.text)
 .text          0x0000000080000180        0xc general_vector.o

.interrupt_vector
                0x0000000080000200        0xc
 interrupt_vector.o(.text)
 .text          0x0000000080000200        0xc interrupt_vector.o

.text           0x0000000080030000     0x9748
                0x0000000080030000                _ftext = <code 342> (.)
 boot.o(.text)
 .text          0x0000000080030000       0x60 boot.o
                0x0000000080030000                _start
 *(.text)
 .text          0x0000000080030060        0xc cache_error_vector.o
 .text          0x000000008003006c        0xc reset_vector.o
 .text          0x0000000080030078       0x20 init.o
                0x0000000080030078                arch_init
 .text          0x0000000080030098       0x74 console.o
                0x0000000080030098                putchar
                0x00000000800300cc                getchar
 .text          0x000000008003010c       0x78 thread.o
                0x000000008003010c                md_thread_create
 .text          0x0000000080030184       0x48 memory.o
                0x0000000080030184                md_memory_head
                0x00000000800301a8                md_memory_tail
 .text          0x00000000800301cc      0x278 switch.o
                0x0000000080030368                md_thread_trampoline
                0x00000000800301cc                md_thread_switch
 .text          0x0000000080030444       0x88 interrupt.o
                0x0000000080030444                interrupt_init
                0x0000000080030484                interrupt_handle
 .text          0x00000000800304cc      0x4fc trap.o
                0x0000000080030908                trap_reset
                0x00000000800304cc                trap
                0x0000000080030968                trap_cache_error
 .text          0x00000000800309c8       0xbc syscall.o
                0x00000000800309c8                syscall_handle
 .text          0x0000000080030a84      0x2d8 disk.o
                0x0000000080030aa8                md_disk_sector_read
                0x0000000080030c00                md_disk_sector_write
                0x0000000080030a84                md_disk_init
 .text          0x0000000080030d5c      0x360 exception.o
                0x0000000080030d5c                general_exception
                0x0000000080030fe0                cache_error_exception
                0x0000000080030f04                reset_exception
 .text          0x00000000800310bc      0x474 ../lib/string.o
                0x0000000080031214                strcpy
                0x0000000080031198                memcpy
                0x0000000080031448                strncmp
                0x000000008003129c                strncpy
                0x0000000080031120                memset
                0x0000000080031378                strcmp
                0x00000000800310bc                strlen
 .text          0x0000000080031530      0xaf0 ../lib/console.o
                0x0000000080031c30                printf
                0x0000000080031a8c                puts
                0x0000000080031b7c                getns
                0x0000000080031968                putx
                0x0000000080031afc                putns
                0x00000000800316c8                putu
                0x000000008003180c                putlu
                0x0000000080031530                putd
 .text          0x0000000080032020      0x3fc ../kern/main.o
                0x0000000080032020                main
                0x0000000080032330                thread3
                0x00000000800322b8                thread1
 .text          0x000000008003241c      0x638 ../kern/memory.o
                0x00000000800329f8                malloc_dump
                0x00000000800324e4                malloc
                0x000000008003274c                calloc
                0x000000008003241c                memory_init
                0x00000000800327f4                free
 .text          0x0000000080032a54      0x674 ../kern/thread.o
                0x0000000080032a54                thread_init
                0x0000000080032eac                thread_wakeup
                0x0000000080032fdc                thread_switch
                0x0000000080033074                thread_finalize
                0x0000000080032eec                thread_sleep
                0x0000000080032f2c                thread_yield
                0x0000000080032b10                thread_self
                0x0000000080032e10                thread_destroy
                0x0000000080032b34                thread_create
 .text          0x00000000800330c8      0x650 ../kern/file_descriptor.o
                0x00000000800333ec                file_descriptor_new
                0x00000000800335dc                file_descriptor_open
                0x000000008003367c                file_descriptor_close
                0x00000000800330c8                file_descriptor_init
                0x00000000800334ec                file_descriptor_get
 .text          0x0000000080033718      0x2a8 ../kern/mbr.o
                0x0000000080033890                partition_record_dump
                0x000000008003397c                mbr_partition_offset
                0x0000000080033718                mbr_read
                0x00000000800337c0                mbr_dump
 .text          0x00000000800339c0      0x9cc ../kern/fat32/bpb.o
                0x0000000080033d50                bpb_cluster_size
                0x0000000080033da8                bpb_dump
                0x0000000080033ac4                bpb_read
                0x0000000080034334                bpb_sector_to_byte
                0x00000000800342ec                bpb_cluster_to_sector
                0x0000000080033bb4                bpb_count_of_clusters
                0x0000000080033a44                bpb_validate
                0x00000000800339c0                bpb_validate_cluster_no
 .text          0x000000008003438c      0x2a0 ../kern/fat32/cluster.o
                0x000000008003438c                cluster_offset
                0x000000008003450c                cluster_dump
                0x000000008003440c                cluster_read
 .text          0x000000008003462c      0x308 ../kern/fat32/cluster_data.o
                0x00000000800347a8                cluster_data_read
                0x000000008003462c                cluster_data_offset
 .text          0x0000000080034934      0x8ac ../kern/fat32/dir_entry.o
                0x0000000080034c2c                dir_attributes_dump
                0x0000000080034934                dir_entry_dump
                0x0000000080034e5c                date_dump
                0x0000000080034fdc                dir_entry_get_cluster
                0x0000000080034d8c                time_dump
                0x0000000080035048                dir_entry_combine_short_name
                0x0000000080034f2c                dir_entry_short_name_check_code
 .text          0x00000000800351e0      0xad4 ../kern/fat32/fat32fs.o
                0x00000000800357ac                seekdir
                0x00000000800355a0                readdir
                0x0000000080035b44                lseek
                0x0000000080035278                getattr
                0x0000000080035a90                read
                0x00000000800353c8                opendir
                0x00000000800351e0                file_system_init
                0x00000000800359c0                open
                0x0000000080035900                closedir
                0x0000000080035bf4                close
                0x0000000080035860                telldir
 .text          0x0000000080035cb4      0xa1c ../kern/fat32/fat_cluster_list.o
                0x0000000080036508                fat_cluster_list_close
                0x0000000080036318                fat_cluster_list_next
                0x00000000800364dc                fat_cluster_list_size
                0x00000000800362a0                fat_cluster_list_read
                0x00000000800363ec                fat_cluster_list_seek_set
                0x0000000080036160                fat_cluster_list_open_by_cluster_no
                0x0000000080036564                fat_cluster_list_dump
                0x0000000080036458                fat_cluster_list_seek_cur
                0x00000000800361c4                fat_cluster_list_open_by_fat_dir_entry
                0x00000000800363c0                fat_cluster_list_tell
 .text          0x00000000800366d0      0x1d4 ../kern/fat32/fat_dir.o
                0x00000000800366d0                fat_dir_read
                0x0000000080036804                fat_dir_find
 .text          0x00000000800368a4      0x87c ../kern/fat32/fat_file.o
                0x00000000800368a4                fat_file_new
                0x00000000800369e4                fat_file_read
                0x0000000080037030                fat_file_tell
                0x00000000800370c0                fat_file_close
                0x0000000080036984                fat_file_open
                0x0000000080036eec                fat_file_seek_cur
                0x0000000080036dbc                fat_file_seek_set
 .text          0x0000000080037120      0x408 ../kern/fat32/fat_instance.o
                0x00000000800374b8                fat_instance_cluster_to_offset
                0x0000000080037120                fat_instance_new
                0x00000000800372c4                fat_instance_delete
                0x00000000800373a0                fat_instance_head_offset
                0x00000000800373f0                fat_instance_byte_to_offset
                0x0000000080037320                fat_instance_dump
                0x0000000080037448                fat_instance_sector_to_offset
 .text          0x0000000080037528      0x4d4 ../kern/fat32/fat_path.o
                0x00000000800376ac                fat_path_get_entry
                0x0000000080037914                fat_path_get_cluster
 .text          0x00000000800379fc      0x450 ../kern/disk.o
                0x00000000800379fc                disk_init
                0x0000000080037e18                disk_write
                0x0000000080037a3c                disk_read
 .text          0x0000000080037e4c      0x634 /usr/local/lib/gcc/mipsel-elf/4.2.4/libgcc.a(_udivdi3.o)
                0x0000000080037e4c                __udivdi3
 .text          0x0000000080038480      0x644 /usr/local/lib/gcc/mipsel-elf/4.2.4/libgcc.a(_umoddi3.o)
                0x0000000080038480                __umoddi3
 .text          0x0000000080038ac4        0x0 /usr/local/lib/gcc/mipsel-elf/4.2.4/libgcc.a(_clz.o)
                0x0000000080038ac4                _ecode = <code 342> (.)
 *(.rodata)
 .rodata        0x0000000080038ac4        0xc interrupt.o
 .rodata        0x0000000080038ad0      0x1e8 trap.o
 .rodata        0x0000000080038cb8       0x58 syscall.o
 .rodata        0x0000000080038d10       0x88 disk.o
 .rodata        0x0000000080038d98       0x28 ../lib/console.o
 .rodata        0x0000000080038dc0       0xc0 ../kern/main.o
 .rodata        0x0000000080038e80       0x18 ../kern/memory.o
 .rodata        0x0000000080038e98       0x6c ../kern/thread.o
 .rodata        0x0000000080038f04       0x80 ../kern/file_descriptor.o
 .rodata        0x0000000080038f84       0x68 ../kern/mbr.o
 .rodata        0x0000000080038fec      0x1e8 ../kern/fat32/bpb.o
 .rodata        0x00000000800391d4       0x60 ../kern/fat32/cluster.o
 .rodata        0x0000000080039234       0x64 ../kern/fat32/cluster_data.o
 .rodata        0x0000000080039298      0x180 ../kern/fat32/dir_entry.o
 .rodata        0x0000000080039418       0xb0 ../kern/fat32/fat32fs.o
 .rodata        0x00000000800394c8       0xb4 ../kern/fat32/fat_cluster_list.o
 .rodata        0x000000008003957c       0x58 ../kern/fat32/fat_file.o
 .rodata        0x00000000800395d4        0x4 ../kern/fat32/fat_path.o
 .rodata        0x00000000800395d8       0x6c ../kern/disk.o
 .rodata        0x0000000080039644      0x100 /usr/local/lib/gcc/mipsel-elf/4.2.4/libgcc.a(_clz.o)
                0x0000000080039644                __clz_tab
                0x0000000080039748                . = ALIGN (0x8)
 *fill*         0x0000000080039744        0x4 00000000
                0x0000000080039748                _etext = <code 342> (.)

.eh_frame       0x0000000080039748       0x38
 .eh_frame      0x0000000080039748       0x20 /usr/local/lib/gcc/mipsel-elf/4.2.4/libgcc.a(_udivdi3.o)
 .eh_frame      0x0000000080039768       0x18 /usr/local/lib/gcc/mipsel-elf/4.2.4/libgcc.a(_umoddi3.o)
                                         0x28 (size before relaxing)

.cache_error_vector
 cache_error_vector.o(.text)

.reset_vector
 reset_vector.o(.text)

.data           0x0000000080039780       0x50
                0x0000000080039780                _fdata = <code 342> (.)
 *(.data)
 .data          0x0000000080039780        0x0 tlb_refill_vector.o
 .data          0x0000000080039780        0x0 xtlb_refill_vector.o
 .data          0x0000000080039780        0x0 general_vector.o
 .data          0x0000000080039780        0x0 interrupt_vector.o
 .data          0x0000000080039780        0x0 boot.o
 .data          0x0000000080039780        0x0 cache_error_vector.o
 .data          0x0000000080039780        0x0 reset_vector.o
 .data          0x0000000080039780        0x0 init.o
 .data          0x0000000080039780        0x0 console.o
 .data          0x0000000080039780        0x0 thread.o
 .data          0x0000000080039780        0x0 memory.o
 .data          0x0000000080039780        0x0 switch.o
 .data          0x0000000080039780        0x0 interrupt.o
 .data          0x0000000080039780        0x0 trap.o
 .data          0x0000000080039780        0x0 syscall.o
 .data          0x0000000080039780        0x0 disk.o
 .data          0x0000000080039780        0x0 exception.o
 .data          0x0000000080039780        0x0 ../lib/string.o
 .data          0x0000000080039780        0x0 ../lib/console.o
 .data          0x0000000080039780       0x38 ../kern/main.o
                0x0000000080039780                thread2
 .data          0x00000000800397b8        0x0 ../kern/memory.o
 .data          0x00000000800397b8        0x0 ../kern/thread.o
 .data          0x00000000800397b8        0x0 ../kern/file_descriptor.o
 .data          0x00000000800397b8        0x0 ../kern/mbr.o
 .data          0x00000000800397b8        0x0 ../kern/fat32/bpb.o
 .data          0x00000000800397b8        0x0 ../kern/fat32/cluster.o
 .data          0x00000000800397b8        0x0 ../kern/fat32/cluster_data.o
 .data          0x00000000800397b8        0x0 ../kern/fat32/dir_entry.o
 .data          0x00000000800397b8        0x0 ../kern/fat32/fat32fs.o
 .data          0x00000000800397b8        0x0 ../kern/fat32/fat_cluster_list.o
 .data          0x00000000800397b8        0x0 ../kern/fat32/fat_dir.o
 .data          0x00000000800397b8        0x0 ../kern/fat32/fat_file.o
 .data          0x00000000800397b8        0x0 ../kern/fat32/fat_instance.o
 .data          0x00000000800397b8        0x0 ../kern/fat32/fat_path.o
 .data          0x00000000800397b8        0x0 ../kern/disk.o
 .data          0x00000000800397b8        0x0 /usr/local/lib/gcc/mipsel-elf/4.2.4/libgcc.a(_udivdi3.o)
 .data          0x00000000800397b8        0x0 /usr/local/lib/gcc/mipsel-elf/4.2.4/libgcc.a(_umoddi3.o)
 .data          0x00000000800397b8        0x0 /usr/local/lib/gcc/mipsel-elf/4.2.4/libgcc.a(_clz.o)
                0x00000000800397b8                . = ALIGN (0x8)
                0x00000000800417a8                _gp = <code 342> ((. + 0x7ff0))
 *(.lit8)
 *(.lit4)
 *(.sdata)
 .sdata         0x00000000800397b8       0x18 ../kern/fat32/fat32fs.o
                0x00000000800397d0                . = ALIGN (0x8)
                0x00000000800397d0                _edata = <code 342> (.)
                0x00000000800397d0                _fbss = .

.sbss           0x00000000800397d0       0x2c
 *(.sbss)
 .sbss          0x00000000800397d0        0xc ../kern/thread.o
                0x00000000800397d0                thread_running
 .sbss          0x00000000800397dc        0xc ../kern/file_descriptor.o
 .sbss          0x00000000800397e8        0x4 ../kern/fat32/fat32fs.o
 .sbss          0x00000000800397ec        0xc ../kern/fat32/fat_path.o
 *(.scommon)
 .scommon       0x00000000800397f8        0x0 thread.o
 .scommon       0x00000000800397f8        0x0 ../kern/main.o
 .scommon       0x00000000800397f8        0x4 ../kern/memory.o
                0x00000000800397f8                unit_list_head

.bss            0x00000000800397fc     0x520c
 *(.bss)
 .bss           0x00000000800397fc        0x0 tlb_refill_vector.o
 .bss           0x00000000800397fc        0x0 xtlb_refill_vector.o
 .bss           0x00000000800397fc        0x0 general_vector.o
 .bss           0x00000000800397fc        0x0 interrupt_vector.o
 .bss           0x00000000800397fc        0x0 boot.o
 .bss           0x00000000800397fc        0x0 cache_error_vector.o
 .bss           0x00000000800397fc        0x0 reset_vector.o
 .bss           0x00000000800397fc        0x0 init.o
 .bss           0x00000000800397fc        0x0 console.o
 .bss           0x00000000800397fc        0x0 thread.o
 .bss           0x00000000800397fc        0x0 memory.o
 .bss           0x00000000800397fc        0x0 switch.o
 .bss           0x00000000800397fc        0x0 interrupt.o
 .bss           0x00000000800397fc        0x0 trap.o
 .bss           0x00000000800397fc        0x0 syscall.o
 .bss           0x00000000800397fc        0x0 disk.o
 .bss           0x00000000800397fc        0x0 exception.o
 .bss           0x00000000800397fc        0x0 ../lib/string.o
 .bss           0x00000000800397fc        0x0 ../lib/console.o
 .bss           0x00000000800397fc        0x0 ../kern/main.o
 .bss           0x00000000800397fc        0x0 ../kern/memory.o
 .bss           0x00000000800397fc        0x0 ../kern/thread.o
 .bss           0x00000000800397fc        0x0 ../kern/file_descriptor.o
 .bss           0x00000000800397fc        0x0 ../kern/mbr.o
 .bss           0x00000000800397fc        0x0 ../kern/fat32/bpb.o
 .bss           0x00000000800397fc        0x0 ../kern/fat32/cluster.o
 .bss           0x00000000800397fc        0x0 ../kern/fat32/cluster_data.o
 .bss           0x00000000800397fc        0x0 ../kern/fat32/dir_entry.o
 .bss           0x00000000800397fc      0x10c ../kern/fat32/fat32fs.o
 .bss           0x0000000080039908        0x0 ../kern/fat32/fat_cluster_list.o
 .bss           0x0000000080039908        0x0 ../kern/fat32/fat_dir.o
 .bss           0x0000000080039908        0x0 ../kern/fat32/fat_file.o
 .bss           0x0000000080039908        0x0 ../kern/fat32/fat_instance.o
 .bss           0x0000000080039908      0x100 ../kern/fat32/fat_path.o
 .bss           0x0000000080039a08        0x0 ../kern/disk.o
 .bss           0x0000000080039a08        0x0 /usr/local/lib/gcc/mipsel-elf/4.2.4/libgcc.a(_udivdi3.o)
 .bss           0x0000000080039a08        0x0 /usr/local/lib/gcc/mipsel-elf/4.2.4/libgcc.a(_umoddi3.o)
 .bss           0x0000000080039a08        0x0 /usr/local/lib/gcc/mipsel-elf/4.2.4/libgcc.a(_clz.o)
 *(COMMON)
                0x0000000080039a08                . = ALIGN (0x8)
                0x000000008003ea08                . = (. + 0x5000)
 *fill*         0x0000000080039a08     0x5000 00
                0x000000008003e9f8                _sp = (. - 0x10)
                0x000000008003ea08                _end = .

.gptab.sdata
 *(.gptab.data)
 *(.gptab.sdata)

.gptab.sbss
 *(.gptab.bss)
 *(.gptab.sbss)

/DISCARD/
 *(.reginfo)
                0x0000000080039748                PROVIDE (etext, _etext)
                0x000000008003ea08                PROVIDE (edata, .)
                0x000000008003ea08                PROVIDE (end, .)
LOAD boot.o
LOAD init.o
LOAD console.o
LOAD thread.o
LOAD memory.o
LOAD switch.o
LOAD interrupt.o
LOAD trap.o
LOAD syscall.o
LOAD disk.o
LOAD exception.o
LOAD tlb_refill_vector.o
LOAD xtlb_refill_vector.o
LOAD general_vector.o
LOAD interrupt_vector.o
LOAD reset_vector.o
LOAD cache_error_vector.o
LOAD ../lib/string.o
LOAD ../lib/console.o
LOAD ../kern/main.o
LOAD ../kern/memory.o
LOAD ../kern/thread.o
LOAD ../kern/file_descriptor.o
LOAD ../kern/mbr.o
LOAD ../kern/fat32/bpb.o
LOAD ../kern/fat32/cluster.o
LOAD ../kern/fat32/cluster_data.o
LOAD ../kern/fat32/dir_entry.o
LOAD ../kern/fat32/fat32fs.o
LOAD ../kern/fat32/fat_cluster_list.o
LOAD ../kern/fat32/fat_dir.o
LOAD ../kern/fat32/fat_file.o
LOAD ../kern/fat32/fat_instance.o
LOAD ../kern/fat32/fat_path.o
LOAD ../kern/disk.o
LOAD /usr/local/lib/gcc/mipsel-elf/4.2.4/libgcc.a
OUTPUT(shiitake elf32-littlemips)

.pdr            0x0000000000000000     0x1360
 .pdr           0x0000000000000000        0x0 tlb_refill_vector.o
 .pdr           0x0000000000000000        0x0 xtlb_refill_vector.o
 .pdr           0x0000000000000000        0x0 general_vector.o
 .pdr           0x0000000000000000        0x0 interrupt_vector.o
 .pdr           0x0000000000000000       0x20 boot.o
 .pdr           0x0000000000000020        0x0 cache_error_vector.o
 .pdr           0x0000000000000020        0x0 reset_vector.o
 .pdr           0x0000000000000020       0x20 init.o
 .pdr           0x0000000000000040       0x40 console.o
 .pdr           0x0000000000000080       0x20 thread.o
 .pdr           0x00000000000000a0       0x40 memory.o
 .pdr           0x00000000000000e0       0x40 switch.o
 .pdr           0x0000000000000120       0x40 interrupt.o
 .pdr           0x0000000000000160       0x80 trap.o
 .pdr           0x00000000000001e0       0x20 syscall.o
 .pdr           0x0000000000000200       0x60 disk.o
 .pdr           0x0000000000000260       0x60 exception.o
 .pdr           0x00000000000002c0       0xe0 ../lib/string.o
 .pdr           0x00000000000003a0      0x100 ../lib/console.o
 .pdr           0x00000000000004a0       0x60 ../kern/main.o
 .pdr           0x0000000000000500      0x160 ../kern/memory.o
 .pdr           0x0000000000000660      0x220 ../kern/thread.o
 .pdr           0x0000000000000880      0x140 ../kern/file_descriptor.o
 .pdr           0x00000000000009c0       0x80 ../kern/mbr.o
 .pdr           0x0000000000000a40      0x140 ../kern/fat32/bpb.o
 .pdr           0x0000000000000b80       0x60 ../kern/fat32/cluster.o
 .pdr           0x0000000000000be0       0x60 ../kern/fat32/cluster_data.o
 .pdr           0x0000000000000c40      0x100 ../kern/fat32/dir_entry.o
 .pdr           0x0000000000000d40      0x160 ../kern/fat32/fat32fs.o
 .pdr           0x0000000000000ea0      0x1c0 ../kern/fat32/fat_cluster_list.o
 .pdr           0x0000000000001060       0x40 ../kern/fat32/fat_dir.o
 .pdr           0x00000000000010a0       0xe0 ../kern/fat32/fat_file.o
 .pdr           0x0000000000001180       0xe0 ../kern/fat32/fat_instance.o
 .pdr           0x0000000000001260       0x60 ../kern/fat32/fat_path.o
 .pdr           0x00000000000012c0       0x60 ../kern/disk.o
 .pdr           0x0000000000001320       0x20 /usr/local/lib/gcc/mipsel-elf/4.2.4/libgcc.a(_udivdi3.o)
 .pdr           0x0000000000001340       0x20 /usr/local/lib/gcc/mipsel-elf/4.2.4/libgcc.a(_umoddi3.o)
 .pdr           0x0000000000001360        0x0 /usr/local/lib/gcc/mipsel-elf/4.2.4/libgcc.a(_clz.o)

.debug_line     0x0000000000000000     0x1b90
 .debug_line    0x0000000000000000       0x42 tlb_refill_vector.o
 .debug_line    0x0000000000000042       0x43 xtlb_refill_vector.o
 .debug_line    0x0000000000000085       0x3f general_vector.o
 .debug_line    0x00000000000000c4       0x41 interrupt_vector.o
 .debug_line    0x0000000000000105       0x46 boot.o
 .debug_line    0x000000000000014b       0x43 cache_error_vector.o
 .debug_line    0x000000000000018e       0x3d reset_vector.o
 .debug_line    0x00000000000001cb       0x35 init.o
 .debug_line    0x0000000000000200       0x3f console.o
 .debug_line    0x000000000000023f       0x83 thread.o
 .debug_line    0x00000000000002c2       0x3e memory.o
 .debug_line    0x0000000000000300       0xd7 switch.o
 .debug_line    0x00000000000003d7       0x42 interrupt.o
 .debug_line    0x0000000000000419       0x7d trap.o
 .debug_line    0x0000000000000496       0x55 syscall.o
 .debug_line    0x00000000000004eb       0x74 disk.o
 .debug_line    0x000000000000055f      0x114 exception.o
 .debug_line    0x0000000000000673       0x92 ../lib/string.o
 .debug_line    0x0000000000000705      0x13c ../lib/console.o
 .debug_line    0x0000000000000841       0xd9 ../kern/main.o
 .debug_line    0x000000000000091a       0xcd ../kern/memory.o
 .debug_line    0x00000000000009e7      0x11a ../kern/thread.o
 .debug_line    0x0000000000000b01       0xf6 ../kern/file_descriptor.o
 .debug_line    0x0000000000000bf7       0x95 ../kern/mbr.o
 .debug_line    0x0000000000000c8c      0x146 ../kern/fat32/bpb.o
 .debug_line    0x0000000000000dd2       0xd2 ../kern/fat32/cluster.o
 .debug_line    0x0000000000000ea4       0xd5 ../kern/fat32/cluster_data.o
 .debug_line    0x0000000000000f79      0x118 ../kern/fat32/dir_entry.o
 .debug_line    0x0000000000001091      0x1e1 ../kern/fat32/fat32fs.o
 .debug_line    0x0000000000001272      0x18d ../kern/fat32/fat_cluster_list.o
 .debug_line    0x00000000000013ff      0x109 ../kern/fat32/fat_dir.o
 .debug_line    0x0000000000001508      0x152 ../kern/fat32/fat_file.o
 .debug_line    0x000000000000165a       0xfa ../kern/fat32/fat_instance.o
 .debug_line    0x0000000000001754      0x14a ../kern/fat32/fat_path.o
 .debug_line    0x000000000000189e       0x8a ../kern/disk.o
 .debug_line    0x0000000000001928      0x105 /usr/local/lib/gcc/mipsel-elf/4.2.4/libgcc.a(_udivdi3.o)
 .debug_line    0x0000000000001a2d      0x120 /usr/local/lib/gcc/mipsel-elf/4.2.4/libgcc.a(_umoddi3.o)
 .debug_line    0x0000000000001b4d       0x43 /usr/local/lib/gcc/mipsel-elf/4.2.4/libgcc.a(_clz.o)

.debug_info     0x0000000000000000     0xab42
 .debug_info    0x0000000000000000       0x58 tlb_refill_vector.o
 .debug_info    0x0000000000000058       0x59 xtlb_refill_vector.o
 .debug_info    0x00000000000000b1       0x55 general_vector.o
 .debug_info    0x0000000000000106       0x57 interrupt_vector.o
 .debug_info    0x000000000000015d       0x4b boot.o
 .debug_info    0x00000000000001a8       0x59 cache_error_vector.o
 .debug_info    0x0000000000000201       0x53 reset_vector.o
 .debug_info    0x0000000000000254       0x6d init.o
 .debug_info    0x00000000000002c1       0xb4 console.o
 .debug_info    0x0000000000000375      0x4df thread.o
 .debug_info    0x0000000000000854       0xbd memory.o
 .debug_info    0x0000000000000911       0x4d switch.o
 .debug_info    0x000000000000095e       0xdc interrupt.o
 .debug_info    0x0000000000000a3a      0x477 trap.o
 .debug_info    0x0000000000000eb1      0x385 syscall.o
 .debug_info    0x0000000000001236      0x275 disk.o
 .debug_info    0x00000000000014ab       0x50 exception.o
 .debug_info    0x00000000000014fb      0x344 ../lib/string.o
 .debug_info    0x000000000000183f      0x3b7 ../lib/console.o
 .debug_info    0x0000000000001bf6      0x626 ../kern/main.o
 .debug_info    0x000000000000221c      0x43d ../kern/memory.o
 .debug_info    0x0000000000002659      0x899 ../kern/thread.o
 .debug_info    0x0000000000002ef2      0x4d8 ../kern/file_descriptor.o
 .debug_info    0x00000000000033ca      0x3a0 ../kern/mbr.o
 .debug_info    0x000000000000376a      0x8c5 ../kern/fat32/bpb.o
 .debug_info    0x000000000000402f      0x6f0 ../kern/fat32/cluster.o
 .debug_info    0x000000000000471f      0x775 ../kern/fat32/cluster_data.o
 .debug_info    0x0000000000004e94      0x6a6 ../kern/fat32/dir_entry.o
 .debug_info    0x000000000000553a     0x103c ../kern/fat32/fat32fs.o
 .debug_info    0x0000000000006576      0xe47 ../kern/fat32/fat_cluster_list.o
 .debug_info    0x00000000000073bd      0xa3c ../kern/fat32/fat_dir.o
 .debug_info    0x0000000000007df9      0x98c ../kern/fat32/fat_file.o
 .debug_info    0x0000000000008785      0x8ca ../kern/fat32/fat_instance.o
 .debug_info    0x000000000000904f      0xb19 ../kern/fat32/fat_path.o
 .debug_info    0x0000000000009b68      0x27a ../kern/disk.o
 .debug_info    0x0000000000009de2      0x63d /usr/local/lib/gcc/mipsel-elf/4.2.4/libgcc.a(_udivdi3.o)
 .debug_info    0x000000000000a41f      0x66c /usr/local/lib/gcc/mipsel-elf/4.2.4/libgcc.a(_umoddi3.o)
 .debug_info    0x000000000000aa8b       0xb7 /usr/local/lib/gcc/mipsel-elf/4.2.4/libgcc.a(_clz.o)

.debug_abbrev   0x0000000000000000     0x1bb4
 .debug_abbrev  0x0000000000000000       0x14 tlb_refill_vector.o
 .debug_abbrev  0x0000000000000014       0x14 xtlb_refill_vector.o
 .debug_abbrev  0x0000000000000028       0x14 general_vector.o
 .debug_abbrev  0x000000000000003c       0x14 interrupt_vector.o
 .debug_abbrev  0x0000000000000050       0x14 boot.o
 .debug_abbrev  0x0000000000000064       0x14 cache_error_vector.o
 .debug_abbrev  0x0000000000000078       0x14 reset_vector.o
 .debug_abbrev  0x000000000000008c       0x2c init.o
 .debug_abbrev  0x00000000000000b8       0x71 console.o
 .debug_abbrev  0x0000000000000129       0xcb thread.o
 .debug_abbrev  0x00000000000001f4       0x5a memory.o
 .debug_abbrev  0x000000000000024e       0x14 switch.o
 .debug_abbrev  0x0000000000000262       0x76 interrupt.o
 .debug_abbrev  0x00000000000002d8       0xde trap.o
 .debug_abbrev  0x00000000000003b6       0x7a syscall.o
 .debug_abbrev  0x0000000000000430       0xa9 disk.o
 .debug_abbrev  0x00000000000004d9       0x14 exception.o
 .debug_abbrev  0x00000000000004ed       0x8f ../lib/string.o
 .debug_abbrev  0x000000000000057c       0xdc ../lib/console.o
 .debug_abbrev  0x0000000000000658       0xff ../kern/main.o
 .debug_abbrev  0x0000000000000757      0x132 ../kern/memory.o
 .debug_abbrev  0x0000000000000889      0x1a5 ../kern/thread.o
 .debug_abbrev  0x0000000000000a2e      0x13d ../kern/file_descriptor.o
 .debug_abbrev  0x0000000000000b6b      0x106 ../kern/mbr.o
 .debug_abbrev  0x0000000000000c71      0x111 ../kern/fat32/bpb.o
 .debug_abbrev  0x0000000000000d82       0xf9 ../kern/fat32/cluster.o
 .debug_abbrev  0x0000000000000e7b      0x100 ../kern/fat32/cluster_data.o
 .debug_abbrev  0x0000000000000f7b      0x121 ../kern/fat32/dir_entry.o
 .debug_abbrev  0x000000000000109c      0x146 ../kern/fat32/fat32fs.o
 .debug_abbrev  0x00000000000011e2      0x15b ../kern/fat32/fat_cluster_list.o
 .debug_abbrev  0x000000000000133d       0xfa ../kern/fat32/fat_dir.o
 .debug_abbrev  0x0000000000001437      0x118 ../kern/fat32/fat_file.o
 .debug_abbrev  0x000000000000154f      0x10c ../kern/fat32/fat_instance.o
 .debug_abbrev  0x000000000000165b      0x139 ../kern/fat32/fat_path.o
 .debug_abbrev  0x0000000000001794       0xc1 ../kern/disk.o
 .debug_abbrev  0x0000000000001855      0x175 /usr/local/lib/gcc/mipsel-elf/4.2.4/libgcc.a(_udivdi3.o)
 .debug_abbrev  0x00000000000019ca      0x180 /usr/local/lib/gcc/mipsel-elf/4.2.4/libgcc.a(_umoddi3.o)
 .debug_abbrev  0x0000000000001b4a       0x6a /usr/local/lib/gcc/mipsel-elf/4.2.4/libgcc.a(_clz.o)

.debug_aranges  0x0000000000000000      0x4a0
 .debug_aranges
                0x0000000000000000       0x20 tlb_refill_vector.o
 .debug_aranges
                0x0000000000000020       0x20 xtlb_refill_vector.o
 .debug_aranges
                0x0000000000000040       0x20 general_vector.o
 .debug_aranges
                0x0000000000000060       0x20 interrupt_vector.o
 .debug_aranges
                0x0000000000000080       0x20 boot.o
 .debug_aranges
                0x00000000000000a0       0x20 cache_error_vector.o
 .debug_aranges
                0x00000000000000c0       0x20 reset_vector.o
 .debug_aranges
                0x00000000000000e0       0x20 init.o
 .debug_aranges
                0x0000000000000100       0x20 console.o
 .debug_aranges
                0x0000000000000120       0x20 thread.o
 .debug_aranges
                0x0000000000000140       0x20 memory.o
 .debug_aranges
                0x0000000000000160       0x20 switch.o
 .debug_aranges
                0x0000000000000180       0x20 interrupt.o
 .debug_aranges
                0x00000000000001a0       0x20 trap.o
 .debug_aranges
                0x00000000000001c0       0x20 syscall.o
 .debug_aranges
                0x00000000000001e0       0x20 disk.o
 .debug_aranges
                0x0000000000000200       0x20 exception.o
 .debug_aranges
                0x0000000000000220       0x20 ../lib/string.o
 .debug_aranges
                0x0000000000000240       0x20 ../lib/console.o
 .debug_aranges
                0x0000000000000260       0x20 ../kern/main.o
 .debug_aranges
                0x0000000000000280       0x20 ../kern/memory.o
 .debug_aranges
                0x00000000000002a0       0x20 ../kern/thread.o
 .debug_aranges
                0x00000000000002c0       0x20 ../kern/file_descriptor.o
 .debug_aranges
                0x00000000000002e0       0x20 ../kern/mbr.o
 .debug_aranges
                0x0000000000000300       0x20 ../kern/fat32/bpb.o
 .debug_aranges
                0x0000000000000320       0x20 ../kern/fat32/cluster.o
 .debug_aranges
                0x0000000000000340       0x20 ../kern/fat32/cluster_data.o
 .debug_aranges
                0x0000000000000360       0x20 ../kern/fat32/dir_entry.o
 .debug_aranges
                0x0000000000000380       0x20 ../kern/fat32/fat32fs.o
 .debug_aranges
                0x00000000000003a0       0x20 ../kern/fat32/fat_cluster_list.o
 .debug_aranges
                0x00000000000003c0       0x20 ../kern/fat32/fat_dir.o
 .debug_aranges
                0x00000000000003e0       0x20 ../kern/fat32/fat_file.o
 .debug_aranges
                0x0000000000000400       0x20 ../kern/fat32/fat_instance.o
 .debug_aranges
                0x0000000000000420       0x20 ../kern/fat32/fat_path.o
 .debug_aranges
                0x0000000000000440       0x20 ../kern/disk.o
 .debug_aranges
                0x0000000000000460       0x20 /usr/local/lib/gcc/mipsel-elf/4.2.4/libgcc.a(_udivdi3.o)
 .debug_aranges
                0x0000000000000480       0x20 /usr/local/lib/gcc/mipsel-elf/4.2.4/libgcc.a(_umoddi3.o)

.mdebug.abi32   0x0000000000000000        0x0
 .mdebug.abi32  0x0000000000000000        0x0 init.o
 .mdebug.abi32  0x0000000000000000        0x0 console.o
 .mdebug.abi32  0x0000000000000000        0x0 thread.o
 .mdebug.abi32  0x0000000000000000        0x0 memory.o
 .mdebug.abi32  0x0000000000000000        0x0 interrupt.o
 .mdebug.abi32  0x0000000000000000        0x0 trap.o
 .mdebug.abi32  0x0000000000000000        0x0 syscall.o
 .mdebug.abi32  0x0000000000000000        0x0 disk.o
 .mdebug.abi32  0x0000000000000000        0x0 ../lib/string.o
 .mdebug.abi32  0x0000000000000000        0x0 ../lib/console.o
 .mdebug.abi32  0x0000000000000000        0x0 ../kern/main.o
 .mdebug.abi32  0x0000000000000000        0x0 ../kern/memory.o
 .mdebug.abi32  0x0000000000000000        0x0 ../kern/thread.o
 .mdebug.abi32  0x0000000000000000        0x0 ../kern/file_descriptor.o
 .mdebug.abi32  0x0000000000000000        0x0 ../kern/mbr.o
 .mdebug.abi32  0x0000000000000000        0x0 ../kern/fat32/bpb.o
 .mdebug.abi32  0x0000000000000000        0x0 ../kern/fat32/cluster.o
 .mdebug.abi32  0x0000000000000000        0x0 ../kern/fat32/cluster_data.o
 .mdebug.abi32  0x0000000000000000        0x0 ../kern/fat32/dir_entry.o
 .mdebug.abi32  0x0000000000000000        0x0 ../kern/fat32/fat32fs.o
 .mdebug.abi32  0x0000000000000000        0x0 ../kern/fat32/fat_cluster_list.o
 .mdebug.abi32  0x0000000000000000        0x0 ../kern/fat32/fat_dir.o
 .mdebug.abi32  0x0000000000000000        0x0 ../kern/fat32/fat_file.o
 .mdebug.abi32  0x0000000000000000        0x0 ../kern/fat32/fat_instance.o
 .mdebug.abi32  0x0000000000000000        0x0 ../kern/fat32/fat_path.o
 .mdebug.abi32  0x0000000000000000        0x0 ../kern/disk.o
 .mdebug.abi32  0x0000000000000000        0x0 /usr/local/lib/gcc/mipsel-elf/4.2.4/libgcc.a(_udivdi3.o)
 .mdebug.abi32  0x0000000000000000        0x0 /usr/local/lib/gcc/mipsel-elf/4.2.4/libgcc.a(_umoddi3.o)
 .mdebug.abi32  0x0000000000000000        0x0 /usr/local/lib/gcc/mipsel-elf/4.2.4/libgcc.a(_clz.o)

.debug_frame    0x0000000000000000     0x1260
 .debug_frame   0x0000000000000000       0x2c init.o
 .debug_frame   0x000000000000002c       0x48 console.o
 .debug_frame   0x0000000000000074       0x2c thread.o
 .debug_frame   0x00000000000000a0       0x48 memory.o
 .debug_frame   0x00000000000000e8       0x48 interrupt.o
 .debug_frame   0x0000000000000130       0x94 trap.o
 .debug_frame   0x00000000000001c4       0x2c syscall.o
 .debug_frame   0x00000000000001f0       0x64 disk.o
 .debug_frame   0x0000000000000254       0xd4 ../lib/string.o
 .debug_frame   0x0000000000000328      0x104 ../lib/console.o
 .debug_frame   0x000000000000042c       0x68 ../kern/main.o
 .debug_frame   0x0000000000000494      0x14c ../kern/memory.o
 .debug_frame   0x00000000000005e0      0x1ec ../kern/thread.o
 .debug_frame   0x00000000000007cc      0x128 ../kern/file_descriptor.o
 .debug_frame   0x00000000000008f4       0x80 ../kern/mbr.o
 .debug_frame   0x0000000000000974      0x130 ../kern/fat32/bpb.o
 .debug_frame   0x0000000000000aa4       0x68 ../kern/fat32/cluster.o
 .debug_frame   0x0000000000000b0c       0x6c ../kern/fat32/cluster_data.o
 .debug_frame   0x0000000000000b78       0xf0 ../kern/fat32/dir_entry.o
 .debug_frame   0x0000000000000c68      0x14c ../kern/fat32/fat32fs.o
 .debug_frame   0x0000000000000db4      0x19c ../kern/fat32/fat_cluster_list.o
 .debug_frame   0x0000000000000f50       0x48 ../kern/fat32/fat_dir.o
 .debug_frame   0x0000000000000f98       0xdc ../kern/fat32/fat_file.o
 .debug_frame   0x0000000000001074       0xd4 ../kern/fat32/fat_instance.o
 .debug_frame   0x0000000000001148       0x68 ../kern/fat32/fat_path.o
 .debug_frame   0x00000000000011b0       0x68 ../kern/disk.o
 .debug_frame   0x0000000000001218       0x20 /usr/local/lib/gcc/mipsel-elf/4.2.4/libgcc.a(_udivdi3.o)
 .debug_frame   0x0000000000001238       0x28 /usr/local/lib/gcc/mipsel-elf/4.2.4/libgcc.a(_umoddi3.o)

.debug_loc      0x0000000000000000     0x28c7
 .debug_loc     0x0000000000000000       0x2b init.o
 .debug_loc     0x000000000000002b       0x56 console.o
 .debug_loc     0x0000000000000081       0x2b thread.o
 .debug_loc     0x00000000000000ac       0x56 memory.o
 .debug_loc     0x0000000000000102       0x56 interrupt.o
 .debug_loc     0x0000000000000158       0xae trap.o
 .debug_loc     0x0000000000000206       0x2b syscall.o
 .debug_loc     0x0000000000000231       0x81 disk.o
 .debug_loc     0x00000000000002b2      0x12d ../lib/string.o
 .debug_loc     0x00000000000003df      0x160 ../lib/console.o
 .debug_loc     0x000000000000053f       0x83 ../kern/main.o
 .debug_loc     0x00000000000005c2      0x1d9 ../kern/memory.o
 .debug_loc     0x000000000000079b      0x2db ../kern/thread.o
 .debug_loc     0x0000000000000a76      0x1b2 ../kern/file_descriptor.o
 .debug_loc     0x0000000000000c28       0xac ../kern/mbr.o
 .debug_loc     0x0000000000000cd4      0x1ae ../kern/fat32/bpb.o
 .debug_loc     0x0000000000000e82       0x81 ../kern/fat32/cluster.o
 .debug_loc     0x0000000000000f03       0x81 ../kern/fat32/cluster_data.o
 .debug_loc     0x0000000000000f84      0x158 ../kern/fat32/dir_entry.o
 .debug_loc     0x00000000000010dc      0x1dd ../kern/fat32/fat32fs.o
 .debug_loc     0x00000000000012b9      0x25a ../kern/fat32/fat_cluster_list.o
 .debug_loc     0x0000000000001513       0x56 ../kern/fat32/fat_dir.o
 .debug_loc     0x0000000000001569      0x12f ../kern/fat32/fat_file.o
 .debug_loc     0x0000000000001698      0x12d ../kern/fat32/fat_instance.o
 .debug_loc     0x00000000000017c5       0x83 ../kern/fat32/fat_path.o
 .debug_loc     0x0000000000001848       0x83 ../kern/disk.o
 .debug_loc     0x00000000000018cb      0x7c9 /usr/local/lib/gcc/mipsel-elf/4.2.4/libgcc.a(_udivdi3.o)
 .debug_loc     0x0000000000002094      0x833 /usr/local/lib/gcc/mipsel-elf/4.2.4/libgcc.a(_umoddi3.o)

.debug_pubnames
                0x0000000000000000      0xb23
 .debug_pubnames
                0x0000000000000000       0x20 init.o
 .debug_pubnames
                0x0000000000000020       0x2a console.o
 .debug_pubnames
                0x000000000000004a       0x3a thread.o
 .debug_pubnames
                0x0000000000000084       0x38 memory.o
 .debug_pubnames
                0x00000000000000bc       0x3a interrupt.o
 .debug_pubnames
                0x00000000000000f6       0x3f trap.o
 .debug_pubnames
                0x0000000000000135       0x25 syscall.o
 .debug_pubnames
                0x000000000000015a       0x54 disk.o
 .debug_pubnames
                0x00000000000001ae       0x61 ../lib/string.o
 .debug_pubnames
                0x000000000000020f       0x5f ../lib/console.o
 .debug_pubnames
                0x000000000000026e       0x52 ../kern/main.o
 .debug_pubnames
                0x00000000000002c0       0x64 ../kern/memory.o
 .debug_pubnames
                0x0000000000000324       0xc4 ../kern/thread.o
 .debug_pubnames
                0x00000000000003e8       0x8e ../kern/file_descriptor.o
 .debug_pubnames
                0x0000000000000476       0x5f ../kern/mbr.o
 .debug_pubnames
                0x00000000000004d5       0xb9 ../kern/fat32/bpb.o
 .debug_pubnames
                0x000000000000058e       0x47 ../kern/fat32/cluster.o
 .debug_pubnames
                0x00000000000005d5       0x40 ../kern/fat32/cluster_data.o
 .debug_pubnames
                0x0000000000000615       0xb8 ../kern/fat32/dir_entry.o
 .debug_pubnames
                0x00000000000006cd       0x96 ../kern/fat32/fat32fs.o
 .debug_pubnames
                0x0000000000000763      0x13e ../kern/fat32/fat_cluster_list.o
 .debug_pubnames
                0x00000000000008a1       0x34 ../kern/fat32/fat_dir.o
 .debug_pubnames
                0x00000000000008d5       0x98 ../kern/fat32/fat_file.o
 .debug_pubnames
                0x000000000000096d       0xd7 ../kern/fat32/fat_instance.o
 .debug_pubnames
                0x0000000000000a44       0x42 ../kern/fat32/fat_path.o
 .debug_pubnames
                0x0000000000000a86       0x3d ../kern/disk.o
 .debug_pubnames
                0x0000000000000ac3       0x20 /usr/local/lib/gcc/mipsel-elf/4.2.4/libgcc.a(_udivdi3.o)
 .debug_pubnames
                0x0000000000000ae3       0x20 /usr/local/lib/gcc/mipsel-elf/4.2.4/libgcc.a(_umoddi3.o)
 .debug_pubnames
                0x0000000000000b03       0x20 /usr/local/lib/gcc/mipsel-elf/4.2.4/libgcc.a(_clz.o)

.comment        0x0000000000000000      0x20a
 .comment       0x0000000000000000       0x12 init.o
 .comment       0x0000000000000012       0x12 console.o
 .comment       0x0000000000000024       0x12 thread.o
 .comment       0x0000000000000036       0x12 memory.o
 .comment       0x0000000000000048       0x12 interrupt.o
 .comment       0x000000000000005a       0x12 trap.o
 .comment       0x000000000000006c       0x12 syscall.o
 .comment       0x000000000000007e       0x12 disk.o
 .comment       0x0000000000000090       0x12 ../lib/string.o
 .comment       0x00000000000000a2       0x12 ../lib/console.o
 .comment       0x00000000000000b4       0x12 ../kern/main.o
 .comment       0x00000000000000c6       0x12 ../kern/memory.o
 .comment       0x00000000000000d8       0x12 ../kern/thread.o
 .comment       0x00000000000000ea       0x12 ../kern/file_descriptor.o
 .comment       0x00000000000000fc       0x12 ../kern/mbr.o
 .comment       0x000000000000010e       0x12 ../kern/fat32/bpb.o
 .comment       0x0000000000000120       0x12 ../kern/fat32/cluster.o
 .comment       0x0000000000000132       0x12 ../kern/fat32/cluster_data.o
 .comment       0x0000000000000144       0x12 ../kern/fat32/dir_entry.o
 .comment       0x0000000000000156       0x12 ../kern/fat32/fat32fs.o
 .comment       0x0000000000000168       0x12 ../kern/fat32/fat_cluster_list.o
 .comment       0x000000000000017a       0x12 ../kern/fat32/fat_dir.o
 .comment       0x000000000000018c       0x12 ../kern/fat32/fat_file.o
 .comment       0x000000000000019e       0x12 ../kern/fat32/fat_instance.o
 .comment       0x00000000000001b0       0x12 ../kern/fat32/fat_path.o
 .comment       0x00000000000001c2       0x12 ../kern/disk.o
 .comment       0x00000000000001d4       0x12 /usr/local/lib/gcc/mipsel-elf/4.2.4/libgcc.a(_udivdi3.o)
 .comment       0x00000000000001e6       0x12 /usr/local/lib/gcc/mipsel-elf/4.2.4/libgcc.a(_umoddi3.o)
 .comment       0x00000000000001f8       0x12 /usr/local/lib/gcc/mipsel-elf/4.2.4/libgcc.a(_clz.o)

.debug_str      0x0000000000000000      0x266
 .debug_str     0x0000000000000000       0x13 trap.o
 .debug_str     0x0000000000000013        0xd disk.o
 .debug_str     0x0000000000000020        0x5 ../kern/memory.o
 .debug_str     0x0000000000000025        0xd ../kern/thread.o
 .debug_str     0x0000000000000032        0xa ../kern/mbr.o
 .debug_str     0x000000000000003c        0xb ../kern/fat32/cluster.o
 .debug_str     0x0000000000000047       0x18 ../kern/fat32/cluster_data.o
 .debug_str     0x000000000000005f        0xb ../kern/fat32/dir_entry.o
 .debug_str     0x000000000000006a       0x2a ../kern/fat32/fat32fs.o
 .debug_str     0x0000000000000094       0x3a ../kern/fat32/fat_cluster_list.o
 .debug_str     0x00000000000000ce       0x16 ../kern/fat32/fat_dir.o
 .debug_str     0x00000000000000e4       0x19 ../kern/fat32/fat_file.o
 .debug_str     0x00000000000000fd        0xa ../kern/fat32/fat_instance.o
 .debug_str     0x0000000000000107       0x16 ../kern/fat32/fat_path.o
 .debug_str     0x000000000000011d      0x13f /usr/local/lib/gcc/mipsel-elf/4.2.4/libgcc.a(_udivdi3.o)
                                        0x178 (size before relaxing)
 .debug_str     0x000000000000025c        0xa /usr/local/lib/gcc/mipsel-elf/4.2.4/libgcc.a(_umoddi3.o)
                                        0x178 (size before relaxing)
 .debug_str     0x0000000000000000      0x10a /usr/local/lib/gcc/mipsel-elf/4.2.4/libgcc.a(_clz.o)

.debug_ranges   0x0000000000000000      0x280
 .debug_ranges  0x0000000000000000      0x160 /usr/local/lib/gcc/mipsel-elf/4.2.4/libgcc.a(_udivdi3.o)
 .debug_ranges  0x0000000000000160      0x120 /usr/local/lib/gcc/mipsel-elf/4.2.4/libgcc.a(_umoddi3.o)
