Archive member included because of file (symbol)

/usr/local/lib/gcc/mipsel-elf/4.2.4/libgcc.a(_udivdi3.o)
                              ../lib/console.o (__udivdi3)
/usr/local/lib/gcc/mipsel-elf/4.2.4/libgcc.a(_umoddi3.o)
                              ../lib/console.o (__umoddi3)
/usr/local/lib/gcc/mipsel-elf/4.2.4/libgcc.a(_clz.o)
                              /usr/local/lib/gcc/mipsel-elf/4.2.4/libgcc.a(_udivdi3.o) (__clz_tab)

Allocating common symbols
Common symbol       size              file

unit_list_head      0x4               ../kern/memory.o

Discarded input sections

 .reginfo       0x0000000000000000        0x0 tlb_refill_vector.o
 .reginfo       0x0000000000000000        0x0 xtlb_refill_vector.o
 .reginfo       0x0000000000000000        0x0 general_vector.o
 .reginfo       0x0000000000000000        0x0 interrupt_vector.o
 .reginfo       0x0000000000000000        0x0 boot.o
 .reginfo       0x0000000000000000        0x0 cache_error_vector.o
 .reginfo       0x0000000000000000        0x0 reset_vector.o
 .reginfo       0x0000000000000000        0x0 init.o
 .reginfo       0x0000000000000000        0x0 console.o
 .reginfo       0x0000000000000000        0x0 thread.o
 .reginfo       0x0000000000000000        0x0 memory.o
 .reginfo       0x0000000000000000        0x0 switch.o
 .reginfo       0x0000000000000000        0x0 interrupt.o
 .reginfo       0x0000000000000000        0x0 trap.o
 .reginfo       0x0000000000000000        0x0 syscall.o
 .reginfo       0x0000000000000000        0x0 exception.o
 .reginfo       0x0000000000000000        0x0 ../lib/string.o
 .reginfo       0x0000000000000000        0x0 ../lib/console.o
 .reginfo       0x0000000000000000        0x0 ../kern/main.o
 .reginfo       0x0000000000000000        0x0 ../kern/memory.o
 .reginfo       0x0000000000000000        0x0 ../kern/thread.o
 .reginfo       0x0000000000000000        0x0 /usr/local/lib/gcc/mipsel-elf/4.2.4/libgcc.a(_udivdi3.o)
 .reginfo       0x0000000000000000        0x0 /usr/local/lib/gcc/mipsel-elf/4.2.4/libgcc.a(_umoddi3.o)
 .reginfo       0x0000000000000000        0x0 /usr/local/lib/gcc/mipsel-elf/4.2.4/libgcc.a(_clz.o)

Memory Configuration

Name             Origin             Length             Attributes
*default*        0x0000000000000000 0xffffffffffffffff

Linker script and memory map


.tlb_refill_vector
                0x0000000080000000        0xc
 tlb_refill_vector.o(.text)
 .text          0x0000000080000000        0xc tlb_refill_vector.o

.xtlb_refill_vector
                0x0000000080000080        0xc
 xtlb_refill_vector.o(.text)
 .text          0x0000000080000080        0xc xtlb_refill_vector.o

.general_vector
                0x0000000080000180        0xc
 general_vector.o(.text)
 .text          0x0000000080000180        0xc general_vector.o

.interrupt_vector
                0x0000000080000200        0xc
 interrupt_vector.o(.text)
 .text          0x0000000080000200        0xc interrupt_vector.o

.text           0x0000000080030000     0x3e38
                0x0000000080030000                _ftext = <code 342> (.)
 boot.o(.text)
 .text          0x0000000080030000       0x60 boot.o
                0x0000000080030000                _start
 *(.text)
 .text          0x0000000080030060        0xc cache_error_vector.o
 .text          0x000000008003006c        0xc reset_vector.o
 .text          0x0000000080030078       0x38 init.o
                0x0000000080030078                arch_init
 .text          0x00000000800300b0       0x74 console.o
                0x00000000800300b0                putchar
                0x00000000800300e4                getchar
 .text          0x0000000080030124       0x7c thread.o
                0x0000000080030124                md_thread_create
 .text          0x00000000800301a0       0x48 memory.o
                0x00000000800301a0                md_memory_head
                0x00000000800301c4                md_memory_tail
 .text          0x00000000800301e8      0x278 switch.o
                0x0000000080030384                md_thread_trampoline
                0x00000000800301e8                md_thread_switch
 .text          0x0000000080030460       0x88 interrupt.o
                0x0000000080030460                interrupt_init
                0x00000000800304a0                interrupt_handle
 .text          0x00000000800304e8      0x4fc trap.o
                0x0000000080030924                trap_reset
                0x00000000800304e8                trap
                0x0000000080030984                trap_cache_error
 .text          0x00000000800309e4       0xbc syscall.o
                0x00000000800309e4                syscall_handle
 .text          0x0000000080030aa0      0x360 exception.o
                0x0000000080030aa0                general_exception
                0x0000000080030d24                cache_error_exception
                0x0000000080030c48                reset_exception
 .text          0x0000000080030e00      0x570 ../lib/string.o
                0x0000000080031000                strcpy
                0x0000000080030f30                memcpy
                0x0000000080031288                strncmp
                0x0000000080031088                strncpy
                0x0000000080030e64                memset
                0x00000000800311b8                strcmp
                0x0000000080030e00                strlen
 .text          0x0000000080031370      0xaf0 ../lib/console.o
                0x0000000080031a70                printf
                0x00000000800318cc                puts
                0x00000000800319bc                getns
                0x00000000800317a8                putx
                0x000000008003193c                putns
                0x0000000080031508                putu
                0x000000008003164c                putlu
                0x0000000080031370                putd
 .text          0x0000000080031e60      0x210 ../kern/main.o
                0x0000000080031e60                main
                0x0000000080031fd0                thread3
                0x0000000080031f58                thread1
 .text          0x0000000080032070      0x638 ../kern/memory.o
                0x000000008003264c                malloc_dump
                0x0000000080032138                malloc
                0x00000000800323a0                calloc
                0x0000000080032070                memory_init
                0x0000000080032448                free
 .text          0x00000000800326a8      0x674 ../kern/thread.o
                0x00000000800326a8                thread_init
                0x0000000080032b00                thread_wakeup
                0x0000000080032c30                thread_switch
                0x0000000080032cc8                thread_finalize
                0x0000000080032b40                thread_sleep
                0x0000000080032b80                thread_yield
                0x0000000080032764                thread_self
                0x0000000080032a64                thread_destroy
                0x0000000080032788                thread_create
 .text          0x0000000080032d1c      0x634 /usr/local/lib/gcc/mipsel-elf/4.2.4/libgcc.a(_udivdi3.o)
                0x0000000080032d1c                __udivdi3
 .text          0x0000000080033350      0x644 /usr/local/lib/gcc/mipsel-elf/4.2.4/libgcc.a(_umoddi3.o)
                0x0000000080033350                __umoddi3
 .text          0x0000000080033994        0x0 /usr/local/lib/gcc/mipsel-elf/4.2.4/libgcc.a(_clz.o)
                0x0000000080033994                _ecode = <code 342> (.)
 *(.rodata)
 .rodata        0x0000000080033994        0xc interrupt.o
 .rodata        0x00000000800339a0      0x1e8 trap.o
 .rodata        0x0000000080033b88       0x58 syscall.o
 .rodata        0x0000000080033be0       0x44 ../lib/string.o
 .rodata        0x0000000080033c24       0x28 ../lib/console.o
 .rodata        0x0000000080033c4c       0x68 ../kern/main.o
 .rodata        0x0000000080033cb4       0x18 ../kern/memory.o
 .rodata        0x0000000080033ccc       0x6c ../kern/thread.o
 .rodata        0x0000000080033d38      0x100 /usr/local/lib/gcc/mipsel-elf/4.2.4/libgcc.a(_clz.o)
                0x0000000080033d38                __clz_tab
                0x0000000080033e38                . = ALIGN (0x8)
                0x0000000080033e38                _etext = <code 342> (.)

.eh_frame       0x0000000080033e38       0x38
 .eh_frame      0x0000000080033e38       0x20 /usr/local/lib/gcc/mipsel-elf/4.2.4/libgcc.a(_udivdi3.o)
 .eh_frame      0x0000000080033e58       0x18 /usr/local/lib/gcc/mipsel-elf/4.2.4/libgcc.a(_umoddi3.o)
                                         0x28 (size before relaxing)

.cache_error_vector
 cache_error_vector.o(.text)

.reset_vector
 reset_vector.o(.text)

.data           0x0000000080033e70       0x50
                0x0000000080033e70                _fdata = <code 342> (.)
 *(.data)
 .data          0x0000000080033e70        0x0 tlb_refill_vector.o
 .data          0x0000000080033e70        0x0 xtlb_refill_vector.o
 .data          0x0000000080033e70        0x0 general_vector.o
 .data          0x0000000080033e70        0x0 interrupt_vector.o
 .data          0x0000000080033e70        0x0 boot.o
 .data          0x0000000080033e70        0x0 cache_error_vector.o
 .data          0x0000000080033e70        0x0 reset_vector.o
 .data          0x0000000080033e70        0x0 init.o
 .data          0x0000000080033e70        0x0 console.o
 .data          0x0000000080033e70        0x0 thread.o
 .data          0x0000000080033e70        0x0 memory.o
 .data          0x0000000080033e70        0x0 switch.o
 .data          0x0000000080033e70        0x0 interrupt.o
 .data          0x0000000080033e70        0x0 trap.o
 .data          0x0000000080033e70        0x0 syscall.o
 .data          0x0000000080033e70        0x0 exception.o
 .data          0x0000000080033e70        0x0 ../lib/string.o
 .data          0x0000000080033e70        0x0 ../lib/console.o
 .data          0x0000000080033e70       0x38 ../kern/main.o
                0x0000000080033e70                thread2
 .data          0x0000000080033ea8        0x0 ../kern/memory.o
 .data          0x0000000080033ea8        0x0 ../kern/thread.o
 .data          0x0000000080033ea8        0x0 /usr/local/lib/gcc/mipsel-elf/4.2.4/libgcc.a(_udivdi3.o)
 .data          0x0000000080033ea8        0x0 /usr/local/lib/gcc/mipsel-elf/4.2.4/libgcc.a(_umoddi3.o)
 .data          0x0000000080033ea8        0x0 /usr/local/lib/gcc/mipsel-elf/4.2.4/libgcc.a(_clz.o)
                0x0000000080033ea8                . = ALIGN (0x8)
                0x000000008003be98                _gp = <code 342> ((. + 0x7ff0))
 *(.lit8)
 *(.lit4)
 *(.sdata)
 .sdata         0x0000000080033ea8       0x18 ../lib/string.o
                0x0000000080033ec0                . = ALIGN (0x8)
                0x0000000080033ec0                _edata = <code 342> (.)
                0x0000000080033ec0                _fbss = .

.sbss           0x0000000080033ec0       0x10
 *(.sbss)
 .sbss          0x0000000080033ec0        0xc ../kern/thread.o
                0x0000000080033ec0                thread_running
 *(.scommon)
 .scommon       0x0000000080033ecc        0x0 ../kern/main.o
 .scommon       0x0000000080033ecc        0x4 ../kern/memory.o
                0x0000000080033ecc                unit_list_head

.bss            0x0000000080033ed0     0x5000
 *(.bss)
 .bss           0x0000000080033ed0        0x0 tlb_refill_vector.o
 .bss           0x0000000080033ed0        0x0 xtlb_refill_vector.o
 .bss           0x0000000080033ed0        0x0 general_vector.o
 .bss           0x0000000080033ed0        0x0 interrupt_vector.o
 .bss           0x0000000080033ed0        0x0 boot.o
 .bss           0x0000000080033ed0        0x0 cache_error_vector.o
 .bss           0x0000000080033ed0        0x0 reset_vector.o
 .bss           0x0000000080033ed0        0x0 init.o
 .bss           0x0000000080033ed0        0x0 console.o
 .bss           0x0000000080033ed0        0x0 thread.o
 .bss           0x0000000080033ed0        0x0 memory.o
 .bss           0x0000000080033ed0        0x0 switch.o
 .bss           0x0000000080033ed0        0x0 interrupt.o
 .bss           0x0000000080033ed0        0x0 trap.o
 .bss           0x0000000080033ed0        0x0 syscall.o
 .bss           0x0000000080033ed0        0x0 exception.o
 .bss           0x0000000080033ed0        0x0 ../lib/string.o
 .bss           0x0000000080033ed0        0x0 ../lib/console.o
 .bss           0x0000000080033ed0        0x0 ../kern/main.o
 .bss           0x0000000080033ed0        0x0 ../kern/memory.o
 .bss           0x0000000080033ed0        0x0 ../kern/thread.o
 .bss           0x0000000080033ed0        0x0 /usr/local/lib/gcc/mipsel-elf/4.2.4/libgcc.a(_udivdi3.o)
 .bss           0x0000000080033ed0        0x0 /usr/local/lib/gcc/mipsel-elf/4.2.4/libgcc.a(_umoddi3.o)
 .bss           0x0000000080033ed0        0x0 /usr/local/lib/gcc/mipsel-elf/4.2.4/libgcc.a(_clz.o)
 *(COMMON)
 COMMON         0x0000000080033ed0        0x0 thread.o
                0x0000000080033ed0                . = ALIGN (0x8)
                0x0000000080038ed0                . = (. + 0x5000)
 *fill*         0x0000000080033ed0     0x5000 00
                0x0000000080038ec0                _sp = (. - 0x10)
                0x0000000080038ed0                _end = .

.gptab.sdata
 *(.gptab.data)
 *(.gptab.sdata)

.gptab.sbss
 *(.gptab.bss)
 *(.gptab.sbss)

/DISCARD/
 *(.reginfo)
                0x0000000080033e38                PROVIDE (etext, _etext)
                0x0000000080038ed0                PROVIDE (edata, .)
                0x0000000080038ed0                PROVIDE (end, .)
LOAD boot.o
LOAD init.o
LOAD console.o
LOAD thread.o
LOAD memory.o
LOAD switch.o
LOAD interrupt.o
LOAD trap.o
LOAD syscall.o
LOAD exception.o
LOAD tlb_refill_vector.o
LOAD xtlb_refill_vector.o
LOAD general_vector.o
LOAD interrupt_vector.o
LOAD reset_vector.o
LOAD cache_error_vector.o
LOAD ../lib/string.o
LOAD ../lib/console.o
LOAD ../kern/main.o
LOAD ../kern/memory.o
LOAD ../kern/thread.o
LOAD /usr/local/lib/gcc/mipsel-elf/4.2.4/libgcc.a
OUTPUT(shiitake elf32-littlemips)

.pdr            0x0000000000000000      0x860
 .pdr           0x0000000000000000        0x0 tlb_refill_vector.o
 .pdr           0x0000000000000000        0x0 xtlb_refill_vector.o
 .pdr           0x0000000000000000        0x0 general_vector.o
 .pdr           0x0000000000000000        0x0 interrupt_vector.o
 .pdr           0x0000000000000000       0x20 boot.o
 .pdr           0x0000000000000020        0x0 cache_error_vector.o
 .pdr           0x0000000000000020        0x0 reset_vector.o
 .pdr           0x0000000000000020       0x20 init.o
 .pdr           0x0000000000000040       0x40 console.o
 .pdr           0x0000000000000080       0x20 thread.o
 .pdr           0x00000000000000a0       0x40 memory.o
 .pdr           0x00000000000000e0       0x40 switch.o
 .pdr           0x0000000000000120       0x40 interrupt.o
 .pdr           0x0000000000000160       0x80 trap.o
 .pdr           0x00000000000001e0       0x20 syscall.o
 .pdr           0x0000000000000200       0x60 exception.o
 .pdr           0x0000000000000260       0xe0 ../lib/string.o
 .pdr           0x0000000000000340      0x100 ../lib/console.o
 .pdr           0x0000000000000440       0x60 ../kern/main.o
 .pdr           0x00000000000004a0      0x160 ../kern/memory.o
 .pdr           0x0000000000000600      0x220 ../kern/thread.o
 .pdr           0x0000000000000820       0x20 /usr/local/lib/gcc/mipsel-elf/4.2.4/libgcc.a(_udivdi3.o)
 .pdr           0x0000000000000840       0x20 /usr/local/lib/gcc/mipsel-elf/4.2.4/libgcc.a(_umoddi3.o)
 .pdr           0x0000000000000860        0x0 /usr/local/lib/gcc/mipsel-elf/4.2.4/libgcc.a(_clz.o)

.debug_line     0x0000000000000000      0xcc8
 .debug_line    0x0000000000000000       0x42 tlb_refill_vector.o
 .debug_line    0x0000000000000042       0x43 xtlb_refill_vector.o
 .debug_line    0x0000000000000085       0x3f general_vector.o
 .debug_line    0x00000000000000c4       0x41 interrupt_vector.o
 .debug_line    0x0000000000000105       0x46 boot.o
 .debug_line    0x000000000000014b       0x43 cache_error_vector.o
 .debug_line    0x000000000000018e       0x3d reset_vector.o
 .debug_line    0x00000000000001cb       0x36 init.o
 .debug_line    0x0000000000000201       0x3f console.o
 .debug_line    0x0000000000000240       0x83 thread.o
 .debug_line    0x00000000000002c3       0x3e memory.o
 .debug_line    0x0000000000000301       0xd7 switch.o
 .debug_line    0x00000000000003d8       0x42 interrupt.o
 .debug_line    0x000000000000041a       0x7d trap.o
 .debug_line    0x0000000000000497       0x55 syscall.o
 .debug_line    0x00000000000004ec      0x114 exception.o
 .debug_line    0x0000000000000600       0x9b ../lib/string.o
 .debug_line    0x000000000000069b      0x13c ../lib/console.o
 .debug_line    0x00000000000007d7       0xa2 ../kern/main.o
 .debug_line    0x0000000000000879       0xcd ../kern/memory.o
 .debug_line    0x0000000000000946      0x11a ../kern/thread.o
 .debug_line    0x0000000000000a60      0x105 /usr/local/lib/gcc/mipsel-elf/4.2.4/libgcc.a(_udivdi3.o)
 .debug_line    0x0000000000000b65      0x120 /usr/local/lib/gcc/mipsel-elf/4.2.4/libgcc.a(_umoddi3.o)
 .debug_line    0x0000000000000c85       0x43 /usr/local/lib/gcc/mipsel-elf/4.2.4/libgcc.a(_clz.o)

.debug_info     0x0000000000000000     0x384d
 .debug_info    0x0000000000000000       0x54 tlb_refill_vector.o
 .debug_info    0x0000000000000054       0x55 xtlb_refill_vector.o
 .debug_info    0x00000000000000a9       0x51 general_vector.o
 .debug_info    0x00000000000000fa       0x53 interrupt_vector.o
 .debug_info    0x000000000000014d       0x47 boot.o
 .debug_info    0x0000000000000194       0x55 cache_error_vector.o
 .debug_info    0x00000000000001e9       0x4f reset_vector.o
 .debug_info    0x0000000000000238       0x69 init.o
 .debug_info    0x00000000000002a1       0xb0 console.o
 .debug_info    0x0000000000000351      0x4ba thread.o
 .debug_info    0x000000000000080b       0xb9 memory.o
 .debug_info    0x00000000000008c4       0x49 switch.o
 .debug_info    0x000000000000090d       0xd8 interrupt.o
 .debug_info    0x00000000000009e5      0x473 trap.o
 .debug_info    0x0000000000000e58      0x381 syscall.o
 .debug_info    0x00000000000011d9       0x4c exception.o
 .debug_info    0x0000000000001225      0x385 ../lib/string.o
 .debug_info    0x00000000000015aa      0x392 ../lib/console.o
 .debug_info    0x000000000000193c      0x525 ../kern/main.o
 .debug_info    0x0000000000001e61      0x418 ../kern/memory.o
 .debug_info    0x0000000000002279      0x874 ../kern/thread.o
 .debug_info    0x0000000000002aed      0x63d /usr/local/lib/gcc/mipsel-elf/4.2.4/libgcc.a(_udivdi3.o)
 .debug_info    0x000000000000312a      0x66c /usr/local/lib/gcc/mipsel-elf/4.2.4/libgcc.a(_umoddi3.o)
 .debug_info    0x0000000000003796       0xb7 /usr/local/lib/gcc/mipsel-elf/4.2.4/libgcc.a(_clz.o)

.debug_abbrev   0x0000000000000000      0xcf4
 .debug_abbrev  0x0000000000000000       0x14 tlb_refill_vector.o
 .debug_abbrev  0x0000000000000014       0x14 xtlb_refill_vector.o
 .debug_abbrev  0x0000000000000028       0x14 general_vector.o
 .debug_abbrev  0x000000000000003c       0x14 interrupt_vector.o
 .debug_abbrev  0x0000000000000050       0x14 boot.o
 .debug_abbrev  0x0000000000000064       0x14 cache_error_vector.o
 .debug_abbrev  0x0000000000000078       0x14 reset_vector.o
 .debug_abbrev  0x000000000000008c       0x2c init.o
 .debug_abbrev  0x00000000000000b8       0x71 console.o
 .debug_abbrev  0x0000000000000129       0xcb thread.o
 .debug_abbrev  0x00000000000001f4       0x5a memory.o
 .debug_abbrev  0x000000000000024e       0x14 switch.o
 .debug_abbrev  0x0000000000000262       0x76 interrupt.o
 .debug_abbrev  0x00000000000002d8       0xde trap.o
 .debug_abbrev  0x00000000000003b6       0x7a syscall.o
 .debug_abbrev  0x0000000000000430       0x14 exception.o
 .debug_abbrev  0x0000000000000444       0x9d ../lib/string.o
 .debug_abbrev  0x00000000000004e1       0xdc ../lib/console.o
 .debug_abbrev  0x00000000000005bd      0x101 ../kern/main.o
 .debug_abbrev  0x00000000000006be      0x132 ../kern/memory.o
 .debug_abbrev  0x00000000000007f0      0x1a5 ../kern/thread.o
 .debug_abbrev  0x0000000000000995      0x175 /usr/local/lib/gcc/mipsel-elf/4.2.4/libgcc.a(_udivdi3.o)
 .debug_abbrev  0x0000000000000b0a      0x180 /usr/local/lib/gcc/mipsel-elf/4.2.4/libgcc.a(_umoddi3.o)
 .debug_abbrev  0x0000000000000c8a       0x6a /usr/local/lib/gcc/mipsel-elf/4.2.4/libgcc.a(_clz.o)

.debug_aranges  0x0000000000000000      0x2e0
 .debug_aranges
                0x0000000000000000       0x20 tlb_refill_vector.o
 .debug_aranges
                0x0000000000000020       0x20 xtlb_refill_vector.o
 .debug_aranges
                0x0000000000000040       0x20 general_vector.o
 .debug_aranges
                0x0000000000000060       0x20 interrupt_vector.o
 .debug_aranges
                0x0000000000000080       0x20 boot.o
 .debug_aranges
                0x00000000000000a0       0x20 cache_error_vector.o
 .debug_aranges
                0x00000000000000c0       0x20 reset_vector.o
 .debug_aranges
                0x00000000000000e0       0x20 init.o
 .debug_aranges
                0x0000000000000100       0x20 console.o
 .debug_aranges
                0x0000000000000120       0x20 thread.o
 .debug_aranges
                0x0000000000000140       0x20 memory.o
 .debug_aranges
                0x0000000000000160       0x20 switch.o
 .debug_aranges
                0x0000000000000180       0x20 interrupt.o
 .debug_aranges
                0x00000000000001a0       0x20 trap.o
 .debug_aranges
                0x00000000000001c0       0x20 syscall.o
 .debug_aranges
                0x00000000000001e0       0x20 exception.o
 .debug_aranges
                0x0000000000000200       0x20 ../lib/string.o
 .debug_aranges
                0x0000000000000220       0x20 ../lib/console.o
 .debug_aranges
                0x0000000000000240       0x20 ../kern/main.o
 .debug_aranges
                0x0000000000000260       0x20 ../kern/memory.o
 .debug_aranges
                0x0000000000000280       0x20 ../kern/thread.o
 .debug_aranges
                0x00000000000002a0       0x20 /usr/local/lib/gcc/mipsel-elf/4.2.4/libgcc.a(_udivdi3.o)
 .debug_aranges
                0x00000000000002c0       0x20 /usr/local/lib/gcc/mipsel-elf/4.2.4/libgcc.a(_umoddi3.o)

.mdebug.abi32   0x0000000000000000        0x0
 .mdebug.abi32  0x0000000000000000        0x0 init.o
 .mdebug.abi32  0x0000000000000000        0x0 console.o
 .mdebug.abi32  0x0000000000000000        0x0 thread.o
 .mdebug.abi32  0x0000000000000000        0x0 memory.o
 .mdebug.abi32  0x0000000000000000        0x0 interrupt.o
 .mdebug.abi32  0x0000000000000000        0x0 trap.o
 .mdebug.abi32  0x0000000000000000        0x0 syscall.o
 .mdebug.abi32  0x0000000000000000        0x0 ../lib/string.o
 .mdebug.abi32  0x0000000000000000        0x0 ../lib/console.o
 .mdebug.abi32  0x0000000000000000        0x0 ../kern/main.o
 .mdebug.abi32  0x0000000000000000        0x0 ../kern/memory.o
 .mdebug.abi32  0x0000000000000000        0x0 ../kern/thread.o
 .mdebug.abi32  0x0000000000000000        0x0 /usr/local/lib/gcc/mipsel-elf/4.2.4/libgcc.a(_udivdi3.o)
 .mdebug.abi32  0x0000000000000000        0x0 /usr/local/lib/gcc/mipsel-elf/4.2.4/libgcc.a(_umoddi3.o)
 .mdebug.abi32  0x0000000000000000        0x0 /usr/local/lib/gcc/mipsel-elf/4.2.4/libgcc.a(_clz.o)

.debug_frame    0x0000000000000000      0x7ac
 .debug_frame   0x0000000000000000       0x2c init.o
 .debug_frame   0x000000000000002c       0x48 console.o
 .debug_frame   0x0000000000000074       0x2c thread.o
 .debug_frame   0x00000000000000a0       0x48 memory.o
 .debug_frame   0x00000000000000e8       0x48 interrupt.o
 .debug_frame   0x0000000000000130       0x94 trap.o
 .debug_frame   0x00000000000001c4       0x2c syscall.o
 .debug_frame   0x00000000000001f0       0xd4 ../lib/string.o
 .debug_frame   0x00000000000002c4      0x104 ../lib/console.o
 .debug_frame   0x00000000000003c8       0x64 ../kern/main.o
 .debug_frame   0x000000000000042c      0x14c ../kern/memory.o
 .debug_frame   0x0000000000000578      0x1ec ../kern/thread.o
 .debug_frame   0x0000000000000764       0x20 /usr/local/lib/gcc/mipsel-elf/4.2.4/libgcc.a(_udivdi3.o)
 .debug_frame   0x0000000000000784       0x28 /usr/local/lib/gcc/mipsel-elf/4.2.4/libgcc.a(_umoddi3.o)

.debug_loc      0x0000000000000000     0x19ef
 .debug_loc     0x0000000000000000       0x2b init.o
 .debug_loc     0x000000000000002b       0x56 console.o
 .debug_loc     0x0000000000000081       0x2b thread.o
 .debug_loc     0x00000000000000ac       0x56 memory.o
 .debug_loc     0x0000000000000102       0x56 interrupt.o
 .debug_loc     0x0000000000000158       0xae trap.o
 .debug_loc     0x0000000000000206       0x2b syscall.o
 .debug_loc     0x0000000000000231      0x12d ../lib/string.o
 .debug_loc     0x000000000000035e      0x160 ../lib/console.o
 .debug_loc     0x00000000000004be       0x81 ../kern/main.o
 .debug_loc     0x000000000000053f      0x1d9 ../kern/memory.o
 .debug_loc     0x0000000000000718      0x2db ../kern/thread.o
 .debug_loc     0x00000000000009f3      0x7c9 /usr/local/lib/gcc/mipsel-elf/4.2.4/libgcc.a(_udivdi3.o)
 .debug_loc     0x00000000000011bc      0x833 /usr/local/lib/gcc/mipsel-elf/4.2.4/libgcc.a(_umoddi3.o)

.debug_pubnames
                0x0000000000000000      0x3f4
 .debug_pubnames
                0x0000000000000000       0x20 init.o
 .debug_pubnames
                0x0000000000000020       0x2a console.o
 .debug_pubnames
                0x000000000000004a       0x3a thread.o
 .debug_pubnames
                0x0000000000000084       0x38 memory.o
 .debug_pubnames
                0x00000000000000bc       0x3a interrupt.o
 .debug_pubnames
                0x00000000000000f6       0x3f trap.o
 .debug_pubnames
                0x0000000000000135       0x25 syscall.o
 .debug_pubnames
                0x000000000000015a       0x61 ../lib/string.o
 .debug_pubnames
                0x00000000000001bb       0x5f ../lib/console.o
 .debug_pubnames
                0x000000000000021a       0x52 ../kern/main.o
 .debug_pubnames
                0x000000000000026c       0x64 ../kern/memory.o
 .debug_pubnames
                0x00000000000002d0       0xc4 ../kern/thread.o
 .debug_pubnames
                0x0000000000000394       0x20 /usr/local/lib/gcc/mipsel-elf/4.2.4/libgcc.a(_udivdi3.o)
 .debug_pubnames
                0x00000000000003b4       0x20 /usr/local/lib/gcc/mipsel-elf/4.2.4/libgcc.a(_umoddi3.o)
 .debug_pubnames
                0x00000000000003d4       0x20 /usr/local/lib/gcc/mipsel-elf/4.2.4/libgcc.a(_clz.o)

.comment        0x0000000000000000      0x10e
 .comment       0x0000000000000000       0x12 init.o
 .comment       0x0000000000000012       0x12 console.o
 .comment       0x0000000000000024       0x12 thread.o
 .comment       0x0000000000000036       0x12 memory.o
 .comment       0x0000000000000048       0x12 interrupt.o
 .comment       0x000000000000005a       0x12 trap.o
 .comment       0x000000000000006c       0x12 syscall.o
 .comment       0x000000000000007e       0x12 ../lib/string.o
 .comment       0x0000000000000090       0x12 ../lib/console.o
 .comment       0x00000000000000a2       0x12 ../kern/main.o
 .comment       0x00000000000000b4       0x12 ../kern/memory.o
 .comment       0x00000000000000c6       0x12 ../kern/thread.o
 .comment       0x00000000000000d8       0x12 /usr/local/lib/gcc/mipsel-elf/4.2.4/libgcc.a(_udivdi3.o)
 .comment       0x00000000000000ea       0x12 /usr/local/lib/gcc/mipsel-elf/4.2.4/libgcc.a(_umoddi3.o)
 .comment       0x00000000000000fc       0x12 /usr/local/lib/gcc/mipsel-elf/4.2.4/libgcc.a(_clz.o)

.debug_str      0x0000000000000000      0x17b
 .debug_str     0x0000000000000000       0x13 trap.o
 .debug_str     0x0000000000000013        0xd ../lib/string.o
 .debug_str     0x0000000000000020        0x5 ../kern/memory.o
 .debug_str     0x0000000000000025        0xd ../kern/thread.o
 .debug_str     0x0000000000000032      0x13f /usr/local/lib/gcc/mipsel-elf/4.2.4/libgcc.a(_udivdi3.o)
                                        0x178 (size before relaxing)
 .debug_str     0x0000000000000171        0xa /usr/local/lib/gcc/mipsel-elf/4.2.4/libgcc.a(_umoddi3.o)
                                        0x178 (size before relaxing)
 .debug_str     0x0000000000000000      0x10a /usr/local/lib/gcc/mipsel-elf/4.2.4/libgcc.a(_clz.o)

.debug_ranges   0x0000000000000000      0x280
 .debug_ranges  0x0000000000000000      0x160 /usr/local/lib/gcc/mipsel-elf/4.2.4/libgcc.a(_udivdi3.o)
 .debug_ranges  0x0000000000000160      0x120 /usr/local/lib/gcc/mipsel-elf/4.2.4/libgcc.a(_umoddi3.o)
